BL51 BANKED LINKER/LOCATER V6.22                                                        09/10/2018  09:41:02  PAGE 1


BL51 BANKED LINKER/LOCATER V6.22, INVOKED BY:
C:\KEIL_V5\C51\BIN\BL51.EXE .\Objects\InitDevice.obj, .\Objects\A_StartUp.obj, .\Objects\A_AppInit.obj, .\Objects\Main.o
>> bj, .\Objects\Global.obj, .\Objects\Esc.obj, .\Objects\Stablizer.obj, .\Objects\LipoCells.obj, .\Objects\Sterring.obj
>> , .\Objects\PageRes.obj, .\Objects\LcdBsae.obj, .\Objects\LcdDraw.obj, .\Objects\Page.obj, .\Objects\PageEsc.obj, .\O
>> bjects\PageEsc1th.obj, .\Objects\PageEsc2th.obj, .\Objects\PageEsc3th.obj, .\Objects\PageLipoCells.obj, .\Objects\Pag
>> eStabilizer.obj, .\Objects\PageStabilizerBuild.obj, .\Objects\PageStabilizerMode.obj, .\Objects\PageStabilizerPitchGa
>> in.obj, .\Objects\PageStabilizerRollGain.obj, .\Objects\PageStabilizerYawGain.obj, .\Objects\PageSteering.obj, .\Obje
>> cts\InputBtn.obj, .\Objects\InputBtnBsp.obj TO .\Objects\Keil_Silicon PRINT (.\Listings\Keil_Silicon.m51) IXREF RAMSI
>> ZE (256) DISABLEWARNING (16, 57) OVERLAY (?PR?_PAGEESCPARAM?PAGEESC ! *, ?PR?_PAGEESC1TH?PAGEESC1TH ! *, ?PR?_PAGEESC
>> 1THRST?PAGEESC ! *, ?PR?_PAGEESC2TH?PAGEESC2TH ! *, ?PR?_PAGEESC2THRST?PAGEESC ! *, ?PR?_PAGEESC3TH?PAGEESC3TH ! *, ?
>> PR?_PAGEESC3THRST?PAGEESC ! *, ?PR?_PAGEESC3THABOUT?PAGEESC ! *, ?PR?PARAMESCDATPROCCESS?PAGEESC ! *, ?PR?_PAGESTABLI
>> ZERBUILD?PAGESTABILIZERBUILD ! *, ?PR?_PAGEAUTOFLY?PAGESTABILIZER ! *, ?PR?_PAGEAUTOFLYMODE?PAGESTABILIZERMODE ! *, ?
>> PR?_PAGEAUTOFLYPITCHGAIN?PAGESTABILIZERPITCHGAIN ! *, ?PR?_PAGEAUTOFLYROLLGAIN?PAGESTABILIZERROLLGAIN ! *, ?PR?_PAGEA
>> UTOFLYYAWGAIN?PAGESTABILIZERYAWGAIN ! *, ?PR?_PAGEBATVOLT?PAGELIPOCELLS ! *) CODE (0X4000-0XF9FF) XDATA (0X0000-0X0FF
>> F)


MEMORY MODEL: LARGE WITH FLOATING POINT ARITHMETIC


INPUT MODULES INCLUDED:
  .\Objects\InitDevice.obj (INITDEVICE)
  .\Objects\A_StartUp.obj (?C_STARTUP)
  .\Objects\A_AppInit.obj (?A_APPINIT)
  .\Objects\Main.obj (MAIN)
  .\Objects\Global.obj (GLOBAL)
  .\Objects\Esc.obj (ESC)
  .\Objects\Stablizer.obj (STABLIZER)
  .\Objects\LipoCells.obj (LIPOCELLS)
  .\Objects\Sterring.obj (STERRING)
  .\Objects\PageRes.obj (PAGERES)
  .\Objects\LcdBsae.obj (LCDBSAE)
  .\Objects\LcdDraw.obj (LCDDRAW)
  .\Objects\Page.obj (PAGE)
  .\Objects\PageEsc.obj (PAGEESC)
  .\Objects\PageEsc1th.obj (PAGEESC1TH)
  .\Objects\PageEsc2th.obj (PAGEESC2TH)
  .\Objects\PageEsc3th.obj (PAGEESC3TH)
  .\Objects\PageLipoCells.obj (PAGELIPOCELLS)
  .\Objects\PageStabilizer.obj (PAGESTABILIZER)
  .\Objects\PageStabilizerBuild.obj (PAGESTABILIZERBUILD)
  .\Objects\PageStabilizerMode.obj (PAGESTABILIZERMODE)
  .\Objects\PageStabilizerPitchGain.obj (PAGESTABILIZERPITCHGAIN)
  .\Objects\PageStabilizerRollGain.obj (PAGESTABILIZERROLLGAIN)
  .\Objects\PageStabilizerYawGain.obj (PAGESTABILIZERYAWGAIN)
  .\Objects\PageSteering.obj (PAGESTEERING)
  .\Objects\InputBtn.obj (INPUTBTN)
  .\Objects\InputBtnBsp.obj (INPUTBTNBSP)
  C:\KEIL_V5\C51\LIB\C51FPL.LIB (?C?FPADD)
  C:\KEIL_V5\C51\LIB\C51FPL.LIB (?C?FPMUL)
  C:\KEIL_V5\C51\LIB\C51FPL.LIB (?C?FPDIV)
  C:\KEIL_V5\C51\LIB\C51FPL.LIB (?C?FCAST)
  C:\KEIL_V5\C51\LIB\C51FPL.LIB (PRINTF)
  C:\KEIL_V5\C51\LIB\C51FPL.LIB (?C?FPGETOPN)
  C:\KEIL_V5\C51\LIB\C51FPL.LIB (?C?FPROUND)
  C:\KEIL_V5\C51\LIB\C51FPL.LIB (?C?FPCONVERT)
  C:\KEIL_V5\C51\LIB\C51FPL.LIB (?C?FTNPWR)
  C:\KEIL_V5\C51\LIB\C51L.LIB (?C_INIT)
BL51 BANKED LINKER/LOCATER V6.22                                                      09/10/2018  09:41:02  PAGE 2


  C:\KEIL_V5\C51\LIB\C51L.LIB (?C?CLDPTR)
  C:\KEIL_V5\C51\LIB\C51L.LIB (?C?CLDOPTR)
  C:\KEIL_V5\C51\LIB\C51L.LIB (?C?CILDOPTR)
  C:\KEIL_V5\C51\LIB\C51L.LIB (?C?CSTPTR)
  C:\KEIL_V5\C51\LIB\C51L.LIB (?C?CSTOPTR)
  C:\KEIL_V5\C51\LIB\C51L.LIB (?C?IMUL)
  C:\KEIL_V5\C51\LIB\C51L.LIB (?C?UIDIV)
  C:\KEIL_V5\C51\LIB\C51L.LIB (?C?SIDIV)
  C:\KEIL_V5\C51\LIB\C51L.LIB (?C?IILDX)
  C:\KEIL_V5\C51\LIB\C51L.LIB (?C?ILDIX)
  C:\KEIL_V5\C51\LIB\C51L.LIB (?C?ILDPTR)
  C:\KEIL_V5\C51\LIB\C51L.LIB (?C?ILDOPTR)
  C:\KEIL_V5\C51\LIB\C51L.LIB (?C?IILDPTR)
  C:\KEIL_V5\C51\LIB\C51L.LIB (?C?ISTPTR)
  C:\KEIL_V5\C51\LIB\C51L.LIB (?C?LMUL)
  C:\KEIL_V5\C51\LIB\C51L.LIB (?C?ULDIV)
  C:\KEIL_V5\C51\LIB\C51L.LIB (?C?LNOT)
  C:\KEIL_V5\C51\LIB\C51L.LIB (?C?LNEG)
  C:\KEIL_V5\C51\LIB\C51L.LIB (?C?LSHL)
  C:\KEIL_V5\C51\LIB\C51L.LIB (?C?LSTXDATA)
  C:\KEIL_V5\C51\LIB\C51L.LIB (?C?LSTKXDATA)
  C:\KEIL_V5\C51\LIB\C51L.LIB (?C?OFFX256)
  C:\KEIL_V5\C51\LIB\C51L.LIB (?C?OFFXADD)
  C:\KEIL_V5\C51\LIB\C51L.LIB (?C?PLDIXDATA)
  C:\KEIL_V5\C51\LIB\C51L.LIB (?C?PSTXDATA)
  C:\KEIL_V5\C51\LIB\C51L.LIB (?C?PLDPTR)
  C:\KEIL_V5\C51\LIB\C51L.LIB (?C?PLDOPTR)
  C:\KEIL_V5\C51\LIB\C51L.LIB (?C?CCASE)
  C:\KEIL_V5\C51\LIB\C51L.LIB (?C?ICALL)
  C:\KEIL_V5\C51\LIB\C51L.LIB (PUTCHAR)
  C:\KEIL_V5\C51\LIB\C51L.LIB (ABS)
  C:\KEIL_V5\C51\LIB\C51L.LIB (STRLEN)
  C:\KEIL_V5\C51\LIB\C51L.LIB (?C?PLDIDATA)
  C:\KEIL_V5\C51\LIB\C51L.LIB (?C?PLDXDATA)
  C:\KEIL_V5\C51\LIB\C51L.LIB (?C?PLDPDATA)
  C:\KEIL_V5\C51\LIB\C51L.LIB (?C?PLDCODE)


LINK MAP OF MODULE:  .\Objects\Keil_Silicon (INITDEVICE)


            TYPE    BASE      LENGTH    RELOCATION   SEGMENT NAME
            -----------------------------------------------------

            * * * * * * *   D A T A   M E M O R Y   * * * * * * *
            REG     0000H     0008H     ABSOLUTE     "REG BANK 0"
            DATA    0008H     0014H     UNIT         ?DT?PAGE
            DATA    001CH     0004H     UNIT         ?DT?INPUTBTN
                    0020H.0   0000H.1                *** GAP ***
            BIT     0020H.1   0000H.1   ABSOLUTE     
            BIT     0020H.2   0001H.1   UNIT         _BIT_GROUP_
                    0021H.3   0000H.5                *** GAP ***
            DATA    0022H     0009H     UNIT         ?DT?ESC
            DATA    002BH     0009H     UNIT         ?DT?STERRING
            DATA    0034H     0006H     UNIT         ?DT?STABLIZER
            DATA    003AH     0005H     UNIT         _DATA_GROUP_
            DATA    003FH     0003H     UNIT         ?DT?PAGESTABILIZERBUILD
BL51 BANKED LINKER/LOCATER V6.22                                                      09/10/2018  09:41:02  PAGE 3


            DATA    0042H     0002H     UNIT         ?DT?GLOBAL
            IDATA   0044H     0001H     UNIT         ?STACK

            * * * * * * *  X D A T A   M E M O R Y  * * * * * * *
            XDATA   0000H     048AH     UNIT         ?XD?LCDDRAW
            XDATA   048AH     0132H     UNIT         ?XD?PAGEESC1TH
            XDATA   05BCH     00BAH     UNIT         ?XD?PAGEESC2TH
            XDATA   0676H     008AH     UNIT         ?XD?PAGEESC
            XDATA   0700H     007EH     UNIT         ?XD?PAGEESC3TH
            XDATA   077EH     006AH     UNIT         ?XD?ESC
            XDATA   07E8H     0048H     UNIT         ?XD?STABLIZER
            XDATA   0830H     0030H     UNIT         _XDATA_GROUP_
            XDATA   0860H     001CH     UNIT         ?XD?LIPOCELLS
            XDATA   087CH     0016H     UNIT         ?XD?_LCDDRAWLINE?LCDDRAW
            XDATA   0892H     0013H     UNIT         ?XD?_LCDDRAWBMPTOARRAY?LCDDRAW
            XDATA   08A5H     0012H     UNIT         ?XD?_LCDDRAWINT?LCDDRAW
            XDATA   08B7H     0012H     UNIT         ?XD?_LCDDRAWMINIINT?LCDDRAW
            XDATA   08C9H     0011H     UNIT         ?XD?_LCDDRAWCHSCHAR?LCDDRAW
            XDATA   08DAH     0010H     UNIT         ?XD?GLOBAL
            XDATA   08EAH     000FH     UNIT         ?XD?_LCDDRAWGECHAR?LCDDRAW
            XDATA   08F9H     000CH     UNIT         ?XD?_LCDDRAWHZLINE?LCDDRAW
            XDATA   0905H     000CH     UNIT         ?XD?_LCDDRAWRECT?LCDDRAW
            XDATA   0911H     000BH     UNIT         ?XD?_LCDDRAWASCCHAR?LCDDRAW
            XDATA   091CH     000AH     UNIT         ?XD?_LCDDRAWMASKX?LCDDRAW
            XDATA   0926H     000AH     UNIT         ?XD?_LCDDRAWMASKY?LCDDRAW
            XDATA   0930H     0009H     UNIT         ?XD?_LCDDRAWSTART?LCDDRAW
            XDATA   0939H     0009H     UNIT         ?XD?_PAGEMENUPROC?PAGE
            XDATA   0942H     0008H     UNIT         ?XD?LCDDRAWBUFFERREFRESH?LCDBSAE
            XDATA   094AH     0008H     UNIT         ?XD?_LCDDRAWHLINE?LCDDRAW
            XDATA   0952H     0008H     UNIT         ?XD?_LCDDRAWVLINE?LCDDRAW
            XDATA   095AH     0008H     UNIT         ?XD?_LCDDRAWMINIASC?LCDDRAW
            XDATA   0962H     0008H     UNIT         ?XD?INPUTBTN
            XDATA   096AH     0007H     UNIT         ?XD?_LCDWRITEASCCHAR?LCDBSAE
            XDATA   0971H     0007H     UNIT         ?XD?_LCDDRAWTEXTSTRING?LCDDRAW
            XDATA   0978H     0006H     UNIT         ?XD?STERRING
            XDATA   097EH     0006H     UNIT         ?XD?_LCDWRITEASCSTRING?LCDBSAE
            XDATA   0984H     0006H     UNIT         ?XD?_LCDDRAWPIXELXY?LCDDRAW
            XDATA   098AH     0006H     UNIT         ?XD?_LCDDRAWMINIBMP?LCDDRAW
            XDATA   0990H     0006H     UNIT         ?XD?PAGELIPOCELLS
            XDATA   0996H     0006H     UNIT         ?XD?PAGESTABILIZER
            XDATA   099CH     0006H     UNIT         ?XD?PAGESTABILIZERMODE
            XDATA   09A2H     0006H     UNIT         ?XD?PAGESTABILIZERPITCHGAIN
            XDATA   09A8H     0006H     UNIT         ?XD?PAGESTABILIZERROLLGAIN
            XDATA   09AEH     0006H     UNIT         ?XD?PAGESTABILIZERYAWGAIN
            XDATA   09B4H     0006H     UNIT         ?XD?PAGESTEERING
            XDATA   09BAH     0005H     UNIT         ?XD?_DELAYMS?GLOBAL
            XDATA   09BFH     0005H     UNIT         ?XD?_ESCDATCHARGE?ESC
            XDATA   09C4H     0005H     UNIT         ?XD?_UART1_WRITE_BUFFER?STABLIZER
            XDATA   09C9H     0005H     UNIT         ?XD?_DETECTCHARGEPARAMETER?STABLIZER
            XDATA   09CEH     0004H     UNIT         ?XD?_LCDDRAWPIXEL?LCDDRAW
            XDATA   09D2H     0004H     UNIT         ?XD?_PAGEINIT?PAGE
            XDATA   09D6H     0004H     UNIT         ?XD?_PAGEGOTO?PAGE
            XDATA   09DAH     0004H     UNIT         ?XD?_PAGEENTER?PAGE
            XDATA   09DEH     0003H     UNIT         ?XD?_LCDWRITECLR?LCDBSAE
            XDATA   09E1H     0003H     UNIT         ?XD?_LCDDRAWCLR?LCDDRAW
            XDATA   09E4H     0002H     UNIT         ?XD?RXSOCKETHANDLER?STABLIZER
            XDATA   09E6H     0002H     UNIT         ?XD?_DELAY?LCDBSAE
BL51 BANKED LINKER/LOCATER V6.22                                                      09/10/2018  09:41:02  PAGE 4


            XDATA   09E8H     0002H     UNIT         ?XD?_SPI_SWRITEBYTE?LCDBSAE
            XDATA   09EAH     0002H     UNIT         ?XD?_LCD_SETPAGECOLUMN?LCDBSAE
            XDATA   09ECH     0002H     UNIT         ?XD?_LCDWRITECLRLINE?LCDBSAE
            XDATA   09EEH     0002H     UNIT         ?XD?LCDDATINIT?LCDDRAW
            XDATA   09F0H     0002H     UNIT         ?XD?_PAGEESC3THABOUT?PAGEESC
            XDATA   09F2H     0001H     UNIT         ?XD?ENTER_DEFAULTMODE_FROM_RESET?INITDEVICE
            XDATA   09F3H     0001H     UNIT         ?XD?TIMER01_0_ENTER_DEFAULTMODE_FROM_RESET?INITDEVICE
            XDATA   09F4H     0001H     UNIT         ?XD?TIMER16_2_ENTER_DEFAULTMODE_FROM_RESET?INITDEVICE
            XDATA   09F5H     0001H     UNIT         ?XD?TIMER16_3_ENTER_DEFAULTMODE_FROM_RESET?INITDEVICE
            XDATA   09F6H     0001H     UNIT         ?XD?_SYSHANDLEPROCESS?MAIN
            XDATA   09F7H     0001H     UNIT         ?XD?ESCDATINIT?ESC
            XDATA   09F8H     0001H     UNIT         ?XD?ESCDETECT?ESC
            XDATA   09F9H     0001H     UNIT         ?XD?STABLIZERDATINIT?STABLIZER
            XDATA   09FAH     0001H     UNIT         ?XD?STABLIZERDETECT?STABLIZER
            XDATA   09FBH     0001H     UNIT         ?XD?_LCD_RST?LCDBSAE
            XDATA   09FCH     0001H     UNIT         ?XD?_LCD_CMD?LCDBSAE
            XDATA   09FDH     0001H     UNIT         ?XD?_LCD_DAT?LCDBSAE
            XDATA   09FEH     0001H     UNIT         ?XD?_LCD_SETPAGE?LCDBSAE
            XDATA   09FFH     0001H     UNIT         ?XD?_LCD_SETCOLUMN?LCDBSAE
            XDATA   0A00H     0001H     UNIT         ?XD?_LCDWRITEDATLINE?LCDBSAE
            XDATA   0A01H     0001H     UNIT         ?XD?_PAGERETURN?PAGE
            XDATA   0A02H     0001H     UNIT         ?XD?_PAGEESCPARAM?PAGEESC
            XDATA   0A03H     0001H     UNIT         ?XD?_PAGEESC1THRST?PAGEESC
            XDATA   0A04H     0001H     UNIT         ?XD?_PAGEESC2THRST?PAGEESC
            XDATA   0A05H     0001H     UNIT         ?XD?_PAGEESC3THRST?PAGEESC
            XDATA   0A06H     0001H     UNIT         ?XD?_PAGEESC1TH?PAGEESC1TH
            XDATA   0A07H     0001H     UNIT         ?XD?_PAGEESC2TH?PAGEESC2TH
            XDATA   0A08H     0001H     UNIT         ?XD?_PAGEESC3TH?PAGEESC3TH
            XDATA   0A09H     0001H     UNIT         ?XD?_PAGEBATVOLT?PAGELIPOCELLS
            XDATA   0A0AH     0001H     UNIT         ?XD?_PAGEAUTOFLY?PAGESTABILIZER
            XDATA   0A0BH     0001H     UNIT         ?XD?_PAGESTABLIZERBUILD?PAGESTABILIZERBUILD
            XDATA   0A0CH     0001H     UNIT         ?XD?PAGESTABILIZERBUILD
            XDATA   0A0DH     0001H     UNIT         ?XD?_PAGEAUTOFLYMODE?PAGESTABILIZERMODE
            XDATA   0A0EH     0001H     UNIT         ?XD?_PAGEAUTOFLYPITCHGAIN?PAGESTABILIZERPITCHGAIN
            XDATA   0A0FH     0001H     UNIT         ?XD?_PAGEAUTOFLYROLLGAIN?PAGESTABILIZERROLLGAIN
            XDATA   0A10H     0001H     UNIT         ?XD?_PAGEAUTOFLYYAWGAIN?PAGESTABILIZERYAWGAIN
            XDATA   0A11H     0001H     UNIT         ?XD?_PAGESTERRING?PAGESTEERING
            XDATA   0A12H     0001H     UNIT         ?XD?_BTNCLEARDOWN?INPUTBTN
            XDATA   0A13H     0001H     UNIT         ?XD?_BTNTSTSTAT?INPUTBTN
            XDATA   0A14H     0001H     UNIT         ?XD?_BTNTSTDOWN?INPUTBTN
            XDATA   0A15H     0001H     UNIT         ?XD?_BTNTSTHOLD?INPUTBTN
            XDATA   0A16H     0001H     UNIT         ?XD?_BTNGETSTATE?INPUTBTNBSP

            * * * * * * *   C O D E   M E M O R Y   * * * * * * *
            CODE    0000H     0003H     ABSOLUTE     
            CODE    0003H     0003H     ABSOLUTE     
                    0006H     0005H                  *** GAP ***
            CODE    000BH     0003H     ABSOLUTE     
                    000EH     000DH                  *** GAP ***
            CODE    001BH     0003H     ABSOLUTE     
                    001EH     000DH                  *** GAP ***
            CODE    002BH     0003H     ABSOLUTE     
                    002EH     0025H                  *** GAP ***
            CODE    0053H     0003H     ABSOLUTE     
                    0056H     001DH                  *** GAP ***
            CODE    0073H     0003H     ABSOLUTE     
                    0076H     000DH                  *** GAP ***
BL51 BANKED LINKER/LOCATER V6.22                                                      09/10/2018  09:41:02  PAGE 5


            CODE    0083H     0003H     ABSOLUTE     
                    0086H     3F7AH                  *** GAP ***
            CODE    4000H     0003H     ABSOLUTE     
            CODE    4003H     0DBAH     UNIT         ?PR?ESC1THDATPROCCESS?PAGEESC1TH
            CODE    4DBDH     0CD2H     UNIT         ?PR?_PAGEMENUPROC?PAGE
            CODE    5A8FH     0970H     UNIT         ?C?LIB_CODE
            CODE    63FFH     0836H     UNIT         ?CO?PAGERES
            CODE    6C35H     0777H     UNIT         ?PR?ESC2THDATPREPROCCESS?PAGEESC2TH
            CODE    73ACH     04F2H     UNIT         ?PR?ESC3THDATPROCCESS?PAGEESC3TH
            CODE    789EH     0483H     UNIT         ?PR?PRINTF?PRINTF
            CODE    7D21H     039BH     UNIT         ?PR?_PAGEBATVOLT?PAGELIPOCELLS
            CODE    80BCH     0323H     UNIT         ?PR?_LCDDRAWBMPTOARRAY?LCDDRAW
            CODE    83DFH     0312H     UNIT         ?CO?PAGEESC1TH
            CODE    86F1H     02EBH     UNIT         ?PR?_LCDDRAWMINIINT?LCDDRAW
            CODE    89DCH     02DAH     UNIT         ?PR?_LCDDRAWINT?LCDDRAW
            CODE    8CB6H     02D5H     UNIT         ?PR?_LCDDRAWLINE?LCDDRAW
            CODE    8F8BH     0238H     UNIT         ?PR?RXSOCKETDECODE?STABLIZER
            CODE    91C3H     0202H     UNIT         ?CO?PAGEESC2TH
            CODE    93C5H     01F3H     UNIT         ?PR?ADC0EOC_ISR?LIPOCELLS
            CODE    95B8H     01E2H     UNIT         ?PR?_LCDDRAWCHSCHAR?LCDDRAW
            CODE    979AH     01C9H     UNIT         ?PR?UART1_WRITE_ENCODE?STABLIZER
            CODE    9963H     01C7H     UNIT         ?PR?_PAGESTABLIZERBUILD?PAGESTABILIZERBUILD
            CODE    9B2AH     01A3H     UNIT         ?PR?TIMER3_ISR?STERRING
            CODE    9CCDH     019FH     UNIT         ?PR?PARAMESCDATPROCCESS?PAGEESC
            CODE    9E6CH     0185H     UNIT         ?PR?MAIN?MAIN
            CODE    9FF1H     017AH     UNIT         ?PR?_LCDDRAWGECHAR?LCDDRAW
            CODE    A16BH     0177H     UNIT         ?CO?PAGESTABILIZER
            CODE    A2E2H     016AH     UNIT         ?PR?LCDDRAWBUFFERREFRESH?LCDBSAE
            CODE    A44CH     0159H     UNIT         ?PR?_LCDDRAWPIXEL?LCDDRAW
            CODE    A5A5H     0157H     UNIT         ?PR?BTNSCANHANDLE?INPUTBTN
            CODE    A6FCH     0155H     UNIT         ?CO?PAGEESC3TH
            CODE    A851H     014BH     UNIT         ?PR?PAGEMENUSTATDATINIT?PAGE
            CODE    A99CH     0130H     UNIT         ?PR?_LCDDRAWMINIASC?LCDDRAW
            CODE    AACCH     0127H     UNIT         ?PR?_PAGEESC3THABOUT?PAGEESC
            CODE    ABF3H     011FH     UNIT         ?PR?ESCDETECT?ESC
            CODE    AD12H     0111H     UNIT         ?PR?_PAGEESC1TH?PAGEESC1TH
            CODE    AE23H     0111H     UNIT         ?PR?_PAGEESC2TH?PAGEESC2TH
            CODE    AF34H     010FH     UNIT         ?PR?_PAGEESC3TH?PAGEESC3TH
            CODE    B043H     010DH     UNIT         ?CO?PAGEESC
            CODE    B150H     010CH     UNIT         ?PR?_PAGEAUTOFLY?PAGESTABILIZER
            CODE    B25CH     010CH     UNIT         ?PR?_PAGEAUTOFLYMODE?PAGESTABILIZERMODE
            CODE    B368H     010CH     UNIT         ?PR?_PAGEAUTOFLYPITCHGAIN?PAGESTABILIZERPITCHGAIN
            CODE    B474H     010CH     UNIT         ?PR?_PAGEAUTOFLYROLLGAIN?PAGESTABILIZERROLLGAIN
            CODE    B580H     010CH     UNIT         ?PR?_PAGEAUTOFLYYAWGAIN?PAGESTABILIZERYAWGAIN
            CODE    B68CH     0103H     UNIT         ?PR?TIMER0_ISR?ESC
            CODE    B78FH     0101H     UNIT         ?PR?_PAGESTERRING?PAGESTEERING
            CODE    B890H     00FFH     UNIT         ?PR?_PAGEESC1THRST?PAGEESC
            CODE    B98FH     00F9H     UNIT         ?PR?UART1_ISR?STABLIZER
            CODE    BA88H     00F9H     UNIT         ?PR?_PAGEESC2THRST?PAGEESC
            CODE    BB81H     00F6H     UNIT         ?PR?_PAGEESC3THRST?PAGEESC
            CODE    BC77H     00DCH     UNIT         ?PR?_LCDDRAWASCCHAR?LCDDRAW
            CODE    BD53H     00CCH     UNIT         ?PR?_DETECTCHARGEPARAMETER?STABLIZER
            CODE    BE1FH     00C9H     UNIT         ?PR?_LCDDRAWTEXTSTRING?LCDDRAW
            CODE    BEE8H     00BCH     UNIT         ?PR?_LCDDRAWMASKX?LCDDRAW
            CODE    BFA4H     00BCH     UNIT         ?PR?_LCDDRAWMASKY?LCDDRAW
            CODE    C060H     00B4H     UNIT         ?PR?RXSOCKETHANDLER?STABLIZER
            CODE    C114H     00AAH     UNIT         ?CO?PAGESTEERING
BL51 BANKED LINKER/LOCATER V6.22                                                      09/10/2018  09:41:02  PAGE 6


            CODE    C1BEH     00A7H     UNIT         ?PR?STABLIZERDATINIT?STABLIZER
            CODE    C265H     00A7H     UNIT         ?PR?_LCDDRAWHZLINE?LCDDRAW
            CODE    C30CH     00A7H     UNIT         ?CO?PAGESTABILIZERMODE
            CODE    C3B3H     00A2H     UNIT         ?PR?LCDDATINIT?LCDDRAW
            CODE    C455H     009FH     UNIT         ?PR?STABLIZERDETECT?STABLIZER
            CODE    C4F4H     009EH     UNIT         ?PR?_LCDDRAWCLR?LCDDRAW
            CODE    C592H     009AH     UNIT         ?PR?_LCDDRAWRECT?LCDDRAW
            CODE    C62CH     0092H     UNIT         ?CO?PAGESTABILIZERPITCHGAIN
            CODE    C6BEH     0091H     UNIT         ?CO?PAGESTABILIZERROLLGAIN
            CODE    C74FH     0090H     UNIT         ?CO?PAGESTABILIZERYAWGAIN
            CODE    C7DFH     008EH     UNIT         ?C_C51STARTUP
            CODE    C86DH     008EH     UNIT         ?PR?_ESCDATCHARGE?ESC
            CODE    C8FBH     008BH     UNIT         ?PR?_LCDWRITEASCCHAR?LCDBSAE
            CODE    C986H     0085H     UNIT         ?PR?_DELAYMS?GLOBAL
            CODE    CA0BH     0083H     UNIT         ?PR?STABLIZERPROCESSHANDLE?STABLIZER
            CODE    CA8EH     0082H     UNIT         ?PR?_PAGEESCPARAM?PAGEESC
            CODE    CB10H     0080H     UNIT         ?PR?_LCDDRAWSTART?LCDDRAW
            CODE    CB90H     007EH     UNIT         ?PR?_LCDDRAWMINIBMP?LCDDRAW
            CODE    CC0EH     007EH     UNIT         ?CO?PAGELIPOCELLS
            CODE    CC8CH     006EH     UNIT         ?PR?_PAGEINIT?PAGE
            CODE    CCFAH     006BH     UNIT         ?PR?ESCDATINIT?ESC
            CODE    CD65H     0068H     UNIT         ?PR?_LCDWRITECLR?LCDBSAE
            CODE    CDCDH     0067H     UNIT         ?PR?TIMER2_ISR?ESC
            CODE    CE34H     0063H     UNIT         ?PR?LCD_INIT?LCDBSAE
            CODE    CE97H     0059H     UNIT         ?PR?LIPOCELLSDATINIT?LIPOCELLS
            CODE    CEF0H     0057H     UNIT         ?CO?PAGESTABILIZERBUILD
            CODE    CF47H     0055H     UNIT         ?PR?_UART1_WRITE_BUFFER?STABLIZER
            CODE    CF9CH     0052H     UNIT         ?PR?_LCDWRITEASCSTRING?LCDBSAE
            CODE    CFEEH     0052H     UNIT         ?PR?_LCDDRAWHLINE?LCDDRAW
            CODE    D040H     0052H     UNIT         ?PR?_LCDDRAWVLINE?LCDDRAW
            CODE    D092H     004EH     UNIT         ?PR?_PAGEENTER?PAGE
            CODE    D0E0H     004BH     UNIT         ?PR?TIMER1_ISR?GLOBAL
            CODE    D12BH     0047H     UNIT         ?PR?SYSDATINIT?GLOBAL
            CODE    D172H     0045H     UNIT         ?PR?_PAGEGOTO?PAGE
            CODE    D1B7H     0045H     UNIT         ?PR?_BTNGETSTATE?INPUTBTNBSP
            CODE    D1FCH     0044H     UNIT         ?PR?_LCDDRAWPIXELXY?LCDDRAW
            CODE    D240H     0042H     UNIT         ?PR?INT0_ISR?ESC
            CODE    D282H     0041H     UNIT         ?PR?ENTER_DEFAULTMODE_FROM_RESET?INITDEVICE
            CODE    D2C3H     003EH     UNIT         ?PR?_SPI_SWRITEBYTE?LCDBSAE
            CODE    D301H     003BH     UNIT         ?PR?LIPOCELLSDETECT?LIPOCELLS
            CODE    D33CH     0038H     UNIT         ?PR?BTNDATINIT?INPUTBTN
            CODE    D374H     0034H     UNIT         ?PR?_LCD_SETPAGECOLUMN?LCDBSAE
            CODE    D3A8H     002DH     UNIT         ?PR?UART1_READ_ENCODE?STABLIZER
            CODE    D3D5H     002DH     UNIT         ?PR?_PAGERETURN?PAGE
            CODE    D402H     002DH     UNIT         ?PR?_BTNTSTDOWN?INPUTBTN
            CODE    D42FH     002DH     UNIT         ?PR?_BTNTSTHOLD?INPUTBTN
            CODE    D45CH     002CH     UNIT         ?CO?MAIN
            CODE    D488H     002BH     UNIT         ?PR?TIMER01_0_ENTER_DEFAULTMODE_FROM_RESET?INITDEVICE
            CODE    D4B3H     002BH     UNIT         ?PR?STERRINGDATINIT?STERRING
            CODE    D4DEH     0027H     UNIT         ?PR?PUTCHAR?PUTCHAR
            CODE    D505H     0023H     UNIT         ?PR?_LCD_SETCOLUMN?LCDBSAE
            CODE    D528H     0022H     UNIT         ?PR?TIMER16_2_ENTER_DEFAULTMODE_FROM_RESET?INITDEVICE
            CODE    D54AH     0022H     UNIT         ?PR?TIMER16_3_ENTER_DEFAULTMODE_FROM_RESET?INITDEVICE
            CODE    D56CH     0020H     UNIT         ?PR?_LCD_RST?LCDBSAE
            CODE    D58CH     001FH     UNIT         ?PR?_LCDWRITECLRLINE?LCDBSAE
            CODE    D5ABH     001DH     UNIT         ?PR?_DELAY?LCDBSAE
            CODE    D5C8H     001DH     UNIT         ?C_INITSEG
BL51 BANKED LINKER/LOCATER V6.22                                                      09/10/2018  09:41:02  PAGE 7


            CODE    D5E5H     001CH     UNIT         ?PR?_BTNTSTSTAT?INPUTBTN
            CODE    D601H     0019H     UNIT         ?PR?LIPOCELLSPROCESSHANDLE?LIPOCELLS
            CODE    D61AH     0018H     UNIT         ?PR?BTNFLUSH?INPUTBTN
            CODE    D632H     0018H     UNIT         ?PR?_BTNCLEARDOWN?INPUTBTN
            CODE    D64AH     0015H     UNIT         ?PR?_STRLEN?STRLEN
            CODE    D65FH     0013H     UNIT         ?PR?INTERRUPT_0_ENTER_DEFAULTMODE_FROM_RESET?INITDEVICE
            CODE    D672H     0012H     UNIT         ?PR?_SYSHANDLEPROCESS?MAIN
            CODE    D684H     0012H     UNIT         ?PR?_LCD_SETPAGE?LCDBSAE
            CODE    D696H     0010H     UNIT         ?PR?_LCD_CMD?LCDBSAE
            CODE    D6A6H     0010H     UNIT         ?PR?_LCD_DAT?LCDBSAE
            CODE    D6B6H     000FH     UNIT         ?PR?STERRINGDETECT?STERRING
            CODE    D6C5H     000EH     UNIT         ?PR?_LCDWRITEDATLINE?LCDBSAE
            CODE    D6D3H     000DH     UNIT         ?PR?ADC_0_ENTER_DEFAULTMODE_FROM_RESET?INITDEVICE
            CODE    D6E0H     000DH     UNIT         ?PR?UARTE_1_ENTER_DEFAULTMODE_FROM_RESET?INITDEVICE
            CODE    D6EDH     000CH     UNIT         ?PR?_ABS?ABS
            CODE    D6F9H     000BH     UNIT         ?CO?PAGE
            CODE    D704H     000AH     UNIT         ?PR?PCA_0_ENTER_DEFAULTMODE_FROM_RESET?INITDEVICE
            CODE    D70EH     000AH     UNIT         ?PR?PORTS_0_ENTER_DEFAULTMODE_FROM_RESET?INITDEVICE
            CODE    D718H     000AH     UNIT         ?PR?PORTS_1_ENTER_DEFAULTMODE_FROM_RESET?INITDEVICE
            CODE    D722H     000AH     UNIT         ?PR?PORTS_2_ENTER_DEFAULTMODE_FROM_RESET?INITDEVICE
            CODE    D72CH     000AH     UNIT         ?PR?TIMER_SETUP_0_ENTER_DEFAULTMODE_FROM_RESET?INITDEVICE
            CODE    D736H     0007H     UNIT         ?PR?PBCFG_0_ENTER_DEFAULTMODE_FROM_RESET?INITDEVICE
            CODE    D73DH     0007H     UNIT         ?PR?SPI_INTI?LCDBSAE
            CODE    D744H     0007H     UNIT         ?PR?BTNSTOPCNT?INPUTBTN
            CODE    D74BH     0006H     UNIT         ?PR?LCDDRAWINIT?LCDDRAW
            CODE    D751H     0004H     UNIT         ?PR?PCACH_4_ENTER_DEFAULTMODE_FROM_RESET?INITDEVICE
            CODE    D755H     0004H     UNIT         ?PR?HFOSC_0_ENTER_DEFAULTMODE_FROM_RESET?INITDEVICE
            CODE    D759H     0004H     UNIT         ?PR?CLOCK_0_ENTER_DEFAULTMODE_FROM_RESET?INITDEVICE
            CODE    D75DH     0004H     UNIT         ?PR?EXTINT_0_ENTER_DEFAULTMODE_FROM_RESET?INITDEVICE
            CODE    D761H     0001H     UNIT         ?PR?PCACH_0_ENTER_DEFAULTMODE_FROM_RESET?INITDEVICE
            CODE    D762H     0001H     UNIT         ?C_APPINIT
            CODE    D763H     0001H     UNIT         ?PR?STERRINGPROCESSHANDLE?STERRING



OVERLAY MAP OF MODULE:   .\Objects\Keil_Silicon (INITDEVICE)


SEGMENT                                             BIT_GROUP          DATA_GROUP          XDATA_GROUP
  +--> CALLED SEGMENT                            START    LENGTH     START    LENGTH     START    LENGTH
--------------------------------------------------------------------------------------------------------
?C_C51STARTUP                                    -----    -----      -----    -----      -----    -----
  +--> ?PR?MAIN?MAIN
  +--> ?C_INITSEG

?PR?MAIN?MAIN                                    -----    -----      -----    -----      -----    -----
  +--> ?PR?ENTER_DEFAULTMODE_FROM_RESET?INIT...
  +--> ?PR?SYSDATINIT?GLOBAL
  +--> ?PR?BTNDATINIT?INPUTBTN
  +--> ?PR?STABLIZERDATINIT?STABLIZER
  +--> ?PR?STABLIZERDETECT?STABLIZER
  +--> ?PR?_PAGEESC1TH?PAGEESC1TH
  +--> ?PR?_PAGEINIT?PAGE
  +--> ?PR?_PAGEESC2TH?PAGEESC2TH
  +--> ?PR?_PAGEESC3TH?PAGEESC3TH
  +--> ?PR?_PAGEBATVOLT?PAGELIPOCELLS
  +--> ?PR?_PAGEAUTOFLY?PAGESTABILIZER
BL51 BANKED LINKER/LOCATER V6.22                                                      09/10/2018  09:41:02  PAGE 8


  +--> ?PR?_PAGESTERRING?PAGESTEERING
  +--> ?PR?_LCDDRAWCLR?LCDDRAW
  +--> ?CO?MAIN
  +--> ?PR?_LCDDRAWTEXTSTRING?LCDDRAW
  +--> ?PR?LCDDRAWBUFFERREFRESH?LCDBSAE
  +--> ?PR?_SYSHANDLEPROCESS?MAIN

?PR?ENTER_DEFAULTMODE_FROM_RESET?INIT...         -----    -----      -----    -----      -----    -----
  +--> ?PR?PCA_0_ENTER_DEFAULTMODE_FROM_RESE...
  +--> ?PR?PCACH_0_ENTER_DEFAULTMODE_FROM_RE...
  +--> ?PR?PCACH_4_ENTER_DEFAULTMODE_FROM_RE...
  +--> ?PR?PORTS_0_ENTER_DEFAULTMODE_FROM_RE...
  +--> ?PR?PORTS_1_ENTER_DEFAULTMODE_FROM_RE...
  +--> ?PR?PORTS_2_ENTER_DEFAULTMODE_FROM_RE...
  +--> ?PR?PBCFG_0_ENTER_DEFAULTMODE_FROM_RE...
  +--> ?PR?ADC_0_ENTER_DEFAULTMODE_FROM_RESE...
  +--> ?PR?HFOSC_0_ENTER_DEFAULTMODE_FROM_RE...
  +--> ?PR?CLOCK_0_ENTER_DEFAULTMODE_FROM_RE...
  +--> ?PR?TIMER01_0_ENTER_DEFAULTMODE_FROM_...
  +--> ?PR?TIMER16_2_ENTER_DEFAULTMODE_FROM_...
  +--> ?PR?TIMER16_3_ENTER_DEFAULTMODE_FROM_...
  +--> ?PR?TIMER_SETUP_0_ENTER_DEFAULTMODE_F...
  +--> ?PR?UARTE_1_ENTER_DEFAULTMODE_FROM_RE...
  +--> ?PR?EXTINT_0_ENTER_DEFAULTMODE_FROM_R...
  +--> ?PR?INTERRUPT_0_ENTER_DEFAULTMODE_FRO...

?PR?STABLIZERDETECT?STABLIZER                    -----    -----      -----    -----      -----    -----
  +--> ?PR?UART1_READ_ENCODE?STABLIZER
  +--> ?PR?_UART1_WRITE_BUFFER?STABLIZER

?PR?_PAGEESC1TH?PAGEESC1TH                       -----    -----      -----    -----      -----    -----
  +--> ?PR?_LCDDRAWCLR?LCDDRAW
  +--> ?PR?_ESCDATCHARGE?ESC
  +--> ?CO?PAGEESC1TH
  +--> ?PR?ESC1THDATPROCCESS?PAGEESC1TH
  +--> ?PR?_PAGEMENUPROC?PAGE
  +--> ?PR?_BTNTSTDOWN?INPUTBTN
  +--> ?PR?_PAGEENTER?PAGE
  +--> ?PR?_PAGERETURN?PAGE

?CO?PAGEESC1TH                                   -----    -----      -----    -----      -----    -----
  +--> ?PR?_PAGEESCPARAM?PAGEESC
  +--> ?PR?_PAGEESC1THRST?PAGEESC
  +--> ?PR?_PAGEESC3THABOUT?PAGEESC

?PR?_PAGEESCPARAM?PAGEESC                        -----    -----      -----    -----      -----    -----
  +--> ?PR?_LCDDRAWCLR?LCDDRAW
  +--> ?CO?PAGEESC
  +--> ?PR?PARAMESCDATPROCCESS?PAGEESC
  +--> ?PR?_PAGEMENUPROC?PAGE
  +--> ?PR?_BTNTSTDOWN?INPUTBTN
  +--> ?PR?_PAGERETURN?PAGE

?PR?PARAMESCDATPROCCESS?PAGEESC                  -----    -----      -----    -----      -----    -----
  +--> ?CO?PAGEESC
  +--> ?PR?PRINTF?PRINTF

BL51 BANKED LINKER/LOCATER V6.22                                                      09/10/2018  09:41:02  PAGE 9


?PR?PRINTF?PRINTF                                0020H.2  0001H.1    003AH    0005H      0830H    0030H
  +--> ?PR?PUTCHAR?PUTCHAR

?PR?_PAGEMENUPROC?PAGE                           -----    -----      -----    -----      -----    -----
  +--> ?PR?_LCDDRAWRECT?LCDDRAW
  +--> ?PR?_LCDDRAWTEXTSTRING?LCDDRAW
  +--> ?PR?_LCDDRAWHLINE?LCDDRAW
  +--> ?PR?_LCDDRAWMINIINT?LCDDRAW
  +--> ?PR?_LCDDRAWMINIBMP?LCDDRAW
  +--> ?CO?PAGE
  +--> ?PR?_STRLEN?STRLEN
  +--> ?PR?_LCDDRAWINT?LCDDRAW
  +--> ?PR?LCDDRAWBUFFERREFRESH?LCDBSAE
  +--> ?PR?_BTNTSTDOWN?INPUTBTN

?PR?_LCDDRAWRECT?LCDDRAW                         -----    -----      -----    -----      -----    -----
  +--> ?PR?_LCDDRAWPIXELXY?LCDDRAW

?PR?_LCDDRAWPIXELXY?LCDDRAW                      -----    -----      -----    -----      -----    -----
  +--> ?PR?_LCDDRAWPIXEL?LCDDRAW

?PR?_LCDDRAWTEXTSTRING?LCDDRAW                   -----    -----      -----    -----      -----    -----
  +--> ?PR?_LCDDRAWCHSCHAR?LCDDRAW
  +--> ?PR?_LCDDRAWASCCHAR?LCDDRAW

?PR?_LCDDRAWCHSCHAR?LCDDRAW                      -----    -----      -----    -----      -----    -----
  +--> ?CO?PAGERES
  +--> ?PR?_LCDDRAWHZLINE?LCDDRAW

?PR?_LCDDRAWHZLINE?LCDDRAW                       -----    -----      -----    -----      -----    -----
  +--> ?PR?_LCDDRAWPIXELXY?LCDDRAW

?PR?_LCDDRAWASCCHAR?LCDDRAW                      -----    -----      -----    -----      -----    -----
  +--> ?CO?PAGERES
  +--> ?PR?_LCDDRAWHZLINE?LCDDRAW

?PR?_LCDDRAWHLINE?LCDDRAW                        -----    -----      -----    -----      -----    -----
  +--> ?PR?_LCDDRAWPIXELXY?LCDDRAW

?PR?_LCDDRAWMINIINT?LCDDRAW                      -----    -----      -----    -----      -----    -----
  +--> ?PR?_LCDDRAWMINIBMP?LCDDRAW

?PR?_LCDDRAWMINIBMP?LCDDRAW                      -----    -----      -----    -----      -----    -----
  +--> ?CO?PAGERES
  +--> ?PR?_LCDDRAWMASKY?LCDDRAW

?PR?_LCDDRAWMASKY?LCDDRAW                        -----    -----      -----    -----      -----    -----
  +--> ?PR?_LCDDRAWPIXELXY?LCDDRAW

?PR?_LCDDRAWINT?LCDDRAW                          -----    -----      -----    -----      -----    -----
  +--> ?PR?_LCDDRAWASCCHAR?LCDDRAW

?PR?LCDDRAWBUFFERREFRESH?LCDBSAE                 -----    -----      -----    -----      -----    -----
  +--> ?PR?_LCD_SETPAGECOLUMN?LCDBSAE
  +--> ?PR?_LCD_SETCOLUMN?LCDBSAE
  +--> ?PR?_LCD_DAT?LCDBSAE

BL51 BANKED LINKER/LOCATER V6.22                                                      09/10/2018  09:41:02  PAGE 10


?PR?_LCD_SETPAGECOLUMN?LCDBSAE                   -----    -----      -----    -----      -----    -----
  +--> ?PR?_LCD_CMD?LCDBSAE

?PR?_LCD_CMD?LCDBSAE                             -----    -----      -----    -----      -----    -----
  +--> ?PR?_SPI_SWRITEBYTE?LCDBSAE

?PR?_LCD_SETCOLUMN?LCDBSAE                       -----    -----      -----    -----      -----    -----
  +--> ?PR?_LCD_CMD?LCDBSAE

?PR?_LCD_DAT?LCDBSAE                             -----    -----      -----    -----      -----    -----
  +--> ?PR?_SPI_SWRITEBYTE?LCDBSAE

?PR?_PAGEESC1THRST?PAGEESC                       -----    -----      -----    -----      -----    -----
  +--> ?PR?_LCDDRAWCLR?LCDDRAW
  +--> ?CO?PAGEESC
  +--> ?PR?_LCDDRAWTEXTSTRING?LCDDRAW
  +--> ?PR?LCDDRAWBUFFERREFRESH?LCDBSAE
  +--> ?PR?_BTNTSTDOWN?INPUTBTN
  +--> ?PR?_PAGERETURN?PAGE

?PR?_PAGEESC3THABOUT?PAGEESC                     -----    -----      -----    -----      -----    -----
  +--> ?PR?_LCDDRAWCLR?LCDDRAW
  +--> ?CO?PAGEESC
  +--> ?PR?_LCDDRAWTEXTSTRING?LCDDRAW
  +--> ?PR?LCDDRAWBUFFERREFRESH?LCDBSAE
  +--> ?PR?_BTNTSTDOWN?INPUTBTN
  +--> ?PR?_ESCDATCHARGE?ESC
  +--> ?PR?_PAGERETURN?PAGE

?PR?ESC1THDATPROCCESS?PAGEESC1TH                 -----    -----      -----    -----      -----    -----
  +--> ?CO?PAGEESC1TH
  +--> ?PR?PRINTF?PRINTF

?PR?_PAGEESC2TH?PAGEESC2TH                       -----    -----      -----    -----      -----    -----
  +--> ?PR?_LCDDRAWCLR?LCDDRAW
  +--> ?PR?_ESCDATCHARGE?ESC
  +--> ?CO?PAGEESC2TH
  +--> ?PR?ESC2THDATPREPROCCESS?PAGEESC2TH
  +--> ?PR?_PAGEMENUPROC?PAGE
  +--> ?PR?_BTNTSTDOWN?INPUTBTN
  +--> ?PR?_PAGEENTER?PAGE
  +--> ?PR?_PAGERETURN?PAGE

?CO?PAGEESC2TH                                   -----    -----      -----    -----      -----    -----
  +--> ?PR?_PAGEESCPARAM?PAGEESC
  +--> ?PR?_PAGEESC2THRST?PAGEESC
  +--> ?PR?_PAGEESC3THABOUT?PAGEESC

?PR?_PAGEESC2THRST?PAGEESC                       -----    -----      -----    -----      -----    -----
  +--> ?PR?_LCDDRAWCLR?LCDDRAW
  +--> ?CO?PAGEESC
  +--> ?PR?_LCDDRAWTEXTSTRING?LCDDRAW
  +--> ?PR?LCDDRAWBUFFERREFRESH?LCDBSAE
  +--> ?PR?_BTNTSTDOWN?INPUTBTN
  +--> ?PR?_PAGERETURN?PAGE

?PR?ESC2THDATPREPROCCESS?PAGEESC2TH              -----    -----      -----    -----      -----    -----
BL51 BANKED LINKER/LOCATER V6.22                                                      09/10/2018  09:41:02  PAGE 11


  +--> ?CO?PAGEESC2TH
  +--> ?PR?PRINTF?PRINTF

?PR?_PAGEESC3TH?PAGEESC3TH                       -----    -----      -----    -----      -----    -----
  +--> ?PR?_LCDDRAWCLR?LCDDRAW
  +--> ?PR?_ESCDATCHARGE?ESC
  +--> ?CO?PAGEESC3TH
  +--> ?PR?ESC3THDATPROCCESS?PAGEESC3TH
  +--> ?PR?_PAGEMENUPROC?PAGE
  +--> ?PR?_BTNTSTDOWN?INPUTBTN
  +--> ?PR?_PAGEENTER?PAGE
  +--> ?PR?_PAGERETURN?PAGE

?CO?PAGEESC3TH                                   -----    -----      -----    -----      -----    -----
  +--> ?PR?_PAGEESC3THRST?PAGEESC
  +--> ?PR?_PAGEESC3THABOUT?PAGEESC

?PR?_PAGEESC3THRST?PAGEESC                       -----    -----      -----    -----      -----    -----
  +--> ?PR?_LCDDRAWCLR?LCDDRAW
  +--> ?CO?PAGEESC
  +--> ?PR?_LCDDRAWTEXTSTRING?LCDDRAW
  +--> ?PR?LCDDRAWBUFFERREFRESH?LCDBSAE
  +--> ?PR?_BTNTSTDOWN?INPUTBTN
  +--> ?PR?_PAGERETURN?PAGE

?PR?ESC3THDATPROCCESS?PAGEESC3TH                 -----    -----      -----    -----      -----    -----
  +--> ?CO?PAGEESC3TH
  +--> ?PR?PRINTF?PRINTF

?PR?_PAGEBATVOLT?PAGELIPOCELLS                   -----    -----      -----    -----      -----    -----
  +--> ?PR?_LCDDRAWCLR?LCDDRAW
  +--> ?PR?_LCDDRAWRECT?LCDDRAW
  +--> ?CO?PAGELIPOCELLS
  +--> ?PR?_LCDDRAWTEXTSTRING?LCDDRAW
  +--> ?PR?_LCDDRAWHLINE?LCDDRAW
  +--> ?PR?_LCDDRAWINT?LCDDRAW
  +--> ?PR?LCDDRAWBUFFERREFRESH?LCDBSAE
  +--> ?PR?_BTNTSTDOWN?INPUTBTN
  +--> ?PR?_PAGERETURN?PAGE

?PR?_PAGEAUTOFLY?PAGESTABILIZER                  -----    -----      -----    -----      -----    -----
  +--> ?PR?_LCDDRAWCLR?LCDDRAW
  +--> ?CO?PAGESTABILIZER
  +--> ?PR?_DETECTCHARGEPARAMETER?STABLIZER
  +--> ?PR?_PAGEMENUPROC?PAGE
  +--> ?PR?_BTNTSTDOWN?INPUTBTN
  +--> ?PR?_PAGEENTER?PAGE
  +--> ?PR?_PAGERETURN?PAGE

?CO?PAGESTABILIZER                               -----    -----      -----    -----      -----    -----
  +--> ?PR?_PAGEAUTOFLYMODE?PAGESTABILIZERMODE
  +--> ?PR?_PAGEAUTOFLYYAWGAIN?PAGESTABILIZE...
  +--> ?PR?_PAGEAUTOFLYROLLGAIN?PAGESTABILIZ...
  +--> ?PR?_PAGEAUTOFLYPITCHGAIN?PAGESTABILI...
  +--> ?PR?_PAGESTABLIZERBUILD?PAGESTABILIZE...

?PR?_PAGEAUTOFLYMODE?PAGESTABILIZERMODE          -----    -----      -----    -----      -----    -----
BL51 BANKED LINKER/LOCATER V6.22                                                      09/10/2018  09:41:02  PAGE 12


  +--> ?PR?_LCDDRAWCLR?LCDDRAW
  +--> ?CO?PAGESTABILIZERMODE
  +--> ?PR?_DETECTCHARGEPARAMETER?STABLIZER
  +--> ?PR?_PAGEMENUPROC?PAGE
  +--> ?PR?_BTNTSTDOWN?INPUTBTN
  +--> ?PR?_PAGEENTER?PAGE
  +--> ?PR?_PAGERETURN?PAGE

?PR?_PAGEAUTOFLYYAWGAIN?PAGESTABILIZE...         -----    -----      -----    -----      -----    -----
  +--> ?PR?_LCDDRAWCLR?LCDDRAW
  +--> ?CO?PAGESTABILIZERYAWGAIN
  +--> ?PR?_DETECTCHARGEPARAMETER?STABLIZER
  +--> ?PR?_PAGEMENUPROC?PAGE
  +--> ?PR?_BTNTSTDOWN?INPUTBTN
  +--> ?PR?_PAGEENTER?PAGE
  +--> ?PR?_PAGERETURN?PAGE

?PR?_PAGEAUTOFLYROLLGAIN?PAGESTABILIZ...         -----    -----      -----    -----      -----    -----
  +--> ?PR?_LCDDRAWCLR?LCDDRAW
  +--> ?CO?PAGESTABILIZERROLLGAIN
  +--> ?PR?_DETECTCHARGEPARAMETER?STABLIZER
  +--> ?PR?_PAGEMENUPROC?PAGE
  +--> ?PR?_BTNTSTDOWN?INPUTBTN
  +--> ?PR?_PAGEENTER?PAGE
  +--> ?PR?_PAGERETURN?PAGE

?PR?_PAGEAUTOFLYPITCHGAIN?PAGESTABILI...         -----    -----      -----    -----      -----    -----
  +--> ?PR?_LCDDRAWCLR?LCDDRAW
  +--> ?CO?PAGESTABILIZERPITCHGAIN
  +--> ?PR?_DETECTCHARGEPARAMETER?STABLIZER
  +--> ?PR?_PAGEMENUPROC?PAGE
  +--> ?PR?_BTNTSTDOWN?INPUTBTN
  +--> ?PR?_PAGEENTER?PAGE
  +--> ?PR?_PAGERETURN?PAGE

?PR?_PAGESTABLIZERBUILD?PAGESTABILIZE...         -----    -----      -----    -----      -----    -----
  +--> ?PR?_LCDDRAWCLR?LCDDRAW
  +--> ?CO?PAGESTABILIZERBUILD
  +--> ?PR?_LCDDRAWTEXTSTRING?LCDDRAW
  +--> ?PR?_LCDDRAWHLINE?LCDDRAW
  +--> ?PR?_BTNTSTDOWN?INPUTBTN
  +--> ?PR?_PAGERETURN?PAGE
  +--> ?PR?_LCDDRAWRECT?LCDDRAW
  +--> ?PR?LCDDRAWBUFFERREFRESH?LCDBSAE
  +--> ?PR?_DETECTCHARGEPARAMETER?STABLIZER

?PR?_PAGESTERRING?PAGESTEERING                   -----    -----      -----    -----      -----    -----
  +--> ?PR?_LCDDRAWCLR?LCDDRAW
  +--> ?CO?PAGESTEERING
  +--> ?PR?_PAGEMENUPROC?PAGE
  +--> ?PR?_BTNTSTDOWN?INPUTBTN
  +--> ?PR?_PAGEENTER?PAGE
  +--> ?PR?_PAGERETURN?PAGE

?PR?_SYSHANDLEPROCESS?MAIN                       -----    -----      -----    -----      -----    -----
  +--> ?PR?STABLIZERPROCESSHANDLE?STABLIZER

BL51 BANKED LINKER/LOCATER V6.22                                                      09/10/2018  09:41:02  PAGE 13


?PR?STABLIZERPROCESSHANDLE?STABLIZER             -----    -----      -----    -----      -----    -----
  +--> ?PR?RXSOCKETHANDLER?STABLIZER
  +--> ?PR?UART1_READ_ENCODE?STABLIZER
  +--> ?PR?_UART1_WRITE_BUFFER?STABLIZER
  +--> ?PR?UART1_WRITE_ENCODE?STABLIZER

?PR?RXSOCKETHANDLER?STABLIZER                    -----    -----      -----    -----      -----    -----
  +--> ?PR?RXSOCKETDECODE?STABLIZER

*** NEW ROOT ***************************************************

?PR?TIMER1_ISR?GLOBAL                            -----    -----      -----    -----      -----    -----
  +--> ?PR?BTNSCANHANDLE?INPUTBTN

?PR?BTNSCANHANDLE?INPUTBTN                       -----    -----      -----    -----      -----    -----
  +--> ?PR?_BTNGETSTATE?INPUTBTNBSP



SYMBOL TABLE OF MODULE:  .\Objects\Keil_Silicon (INITDEVICE)

  VALUE           TYPE          NAME
  ----------------------------------

  -------         MODULE        INITDEVICE
  C:0000H         SYMBOL        _ICE_DUMMY_
  D:00BCH         PUBLIC        ADC0CF
  D:00E6H         PUBLIC        EIE1
  D:00E7H         PUBLIC        EIE2
  D:00E4H         PUBLIC        IT01CF
  C:D6D3H         PUBLIC        ADC_0_enter_DefaultMode_from_RESET
  D:00BFH         PUBLIC        SFRPAGE
  D:00A4H         PUBLIC        P0MDOUT
  D:00A5H         PUBLIC        P1MDOUT
  D:00CBH         PUBLIC        TMR2RLH
  D:00A6H         PUBLIC        P2MDOUT
  D:00A8H         PUBLIC        IE
  D:0093H         PUBLIC        TMR3RLH
  D:00F6H         PUBLIC        EIP1
  D:00F7H         PUBLIC        EIP2
  D:00CAH         PUBLIC        TMR2RLL
  C:D65FH         PUBLIC        INTERRUPT_0_enter_DefaultMode_from_RESET
  D:0092H         PUBLIC        TMR3RLL
  C:D704H         PUBLIC        PCA_0_enter_DefaultMode_from_RESET
  D:00D9H         PUBLIC        PCA0MD
  D:00B8H         PUBLIC        IP
  D:00DEH         PUBLIC        PCA0CPM4
  D:00E2H         PUBLIC        XBR1
  D:00E3H         PUBLIC        XBR2
  C:D75DH         PUBLIC        EXTINT_0_enter_DefaultMode_from_RESET
  D:00B2H         PUBLIC        HFO0CN
  D:008EH         PUBLIC        CKCON0
  C:D761H         PUBLIC        PCACH_0_enter_DefaultMode_from_RESET
  C:D736H         PUBLIC        PBCFG_0_enter_DefaultMode_from_RESET
  C:D488H         PUBLIC        TIMER01_0_enter_DefaultMode_from_RESET
  C:D751H         PUBLIC        PCACH_4_enter_DefaultMode_from_RESET
  D:00ACH         PUBLIC        SBCON1
BL51 BANKED LINKER/LOCATER V6.22                                                      09/10/2018  09:41:02  PAGE 14


  D:00F1H         PUBLIC        P0MDIN
  D:00F2H         PUBLIC        P1MDIN
  D:00F3H         PUBLIC        P2MDIN
  C:D528H         PUBLIC        TIMER16_2_enter_DefaultMode_from_RESET
  D:00B5H         PUBLIC        SBRLH1
  C:D54AH         PUBLIC        TIMER16_3_enter_DefaultMode_from_RESET
  C:D759H         PUBLIC        CLOCK_0_enter_DefaultMode_from_RESET
  D:00B4H         PUBLIC        SBRLL1
  D:0089H         PUBLIC        TMOD
  D:0088H         PUBLIC        TCON
  C:D755H         PUBLIC        HFOSC_0_enter_DefaultMode_from_RESET
  C:D72CH         PUBLIC        TIMER_SETUP_0_enter_DefaultMode_from_RESET
  D:00D4H         PUBLIC        P0SKIP
  D:00D5H         PUBLIC        P1SKIP
  D:00D6H         PUBLIC        P2SKIP
  D:00E8H         PUBLIC        ADC0CN0
  D:00A9H         PUBLIC        CLKSEL
  C:D6E0H         PUBLIC        UARTE_1_enter_DefaultMode_from_RESET
  D:008CH         PUBLIC        TH0
  D:008DH         PUBLIC        TH1
  C:D282H         PUBLIC        enter_DefaultMode_from_RESET
  D:008BH         PUBLIC        TL1
  C:D70EH         PUBLIC        PORTS_0_enter_DefaultMode_from_RESET
  C:D718H         PUBLIC        PORTS_1_enter_DefaultMode_from_RESET
  C:D722H         PUBLIC        PORTS_2_enter_DefaultMode_from_RESET
  D:00D2H         PUBLIC        SCON1
  D:00BAH         PUBLIC        AMX0N
  D:00BBH         PUBLIC        AMX0P
  D:00C8H         PUBLIC        TMR2CN0
  D:0091H         PUBLIC        TMR3CN0
  D:00CDH         PUBLIC        TMR2H
  D:0095H         PUBLIC        TMR3H
  D:00CCH         PUBLIC        TMR2L
  D:0094H         PUBLIC        TMR3L
  -------         PROC          ENTER_DEFAULTMODE_FROM_RESET
  -------         DO            
  X:09F2H         SYMBOL        SFRPAGE_save
  -------         ENDDO         
  C:D282H         LINE#         23
  C:D282H         LINE#         26
  C:D288H         LINE#         27
  C:D28BH         LINE#         28
  C:D28EH         LINE#         29
  C:D291H         LINE#         30
  C:D294H         LINE#         31
  C:D297H         LINE#         32
  C:D29AH         LINE#         33
  C:D29DH         LINE#         34
  C:D2A0H         LINE#         35
  C:D2A3H         LINE#         36
  C:D2A6H         LINE#         37
  C:D2A9H         LINE#         38
  C:D2ACH         LINE#         39
  C:D2AFH         LINE#         40
  C:D2B2H         LINE#         41
  C:D2B5H         LINE#         42
  C:D2B8H         LINE#         43
BL51 BANKED LINKER/LOCATER V6.22                                                      09/10/2018  09:41:02  PAGE 15


  C:D2BBH         LINE#         45
  C:D2C2H         LINE#         49
  -------         ENDPROC       ENTER_DEFAULTMODE_FROM_RESET
  -------         PROC          PCA_0_ENTER_DEFAULTMODE_FROM_RESET
  C:D704H         LINE#         55
  C:D704H         LINE#         66
  C:D707H         LINE#         67
  C:D70AH         LINE#         68
  C:D70DH         LINE#         82
  -------         ENDPROC       PCA_0_ENTER_DEFAULTMODE_FROM_RESET
  -------         PROC          PCACH_0_ENTER_DEFAULTMODE_FROM_RESET
  C:D761H         LINE#         87
  C:D761H         LINE#         101
  -------         ENDPROC       PCACH_0_ENTER_DEFAULTMODE_FROM_RESET
  -------         PROC          PCACH_4_ENTER_DEFAULTMODE_FROM_RESET
  C:D751H         LINE#         106
  C:D751H         LINE#         118
  C:D754H         LINE#         133
  -------         ENDPROC       PCACH_4_ENTER_DEFAULTMODE_FROM_RESET
  -------         PROC          PORTS_0_ENTER_DEFAULTMODE_FROM_RESET
  C:D70EH         LINE#         138
  C:D70EH         LINE#         153
  C:D711H         LINE#         169
  C:D714H         LINE#         185
  C:D717H         LINE#         191
  -------         ENDPROC       PORTS_0_ENTER_DEFAULTMODE_FROM_RESET
  -------         PROC          PORTS_1_ENTER_DEFAULTMODE_FROM_RESET
  C:D718H         LINE#         196
  C:D718H         LINE#         211
  C:D71BH         LINE#         227
  C:D71EH         LINE#         243
  C:D721H         LINE#         249
  -------         ENDPROC       PORTS_1_ENTER_DEFAULTMODE_FROM_RESET
  -------         PROC          PORTS_2_ENTER_DEFAULTMODE_FROM_RESET
  C:D722H         LINE#         254
  C:D722H         LINE#         269
  C:D725H         LINE#         285
  C:D728H         LINE#         301
  C:D72BH         LINE#         307
  -------         ENDPROC       PORTS_2_ENTER_DEFAULTMODE_FROM_RESET
  -------         PROC          PBCFG_0_ENTER_DEFAULTMODE_FROM_RESET
  C:D736H         LINE#         312
  C:D736H         LINE#         322
  C:D739H         LINE#         334
  C:D73CH         LINE#         338
  -------         ENDPROC       PBCFG_0_ENTER_DEFAULTMODE_FROM_RESET
  -------         PROC          ADC_0_ENTER_DEFAULTMODE_FROM_RESET
  C:D6D3H         LINE#         343
  C:D6D3H         LINE#         349
  C:D6D6H         LINE#         368
  C:D6D9H         LINE#         375
  C:D6DCH         LINE#         382
  C:D6DFH         LINE#         386
  -------         ENDPROC       ADC_0_ENTER_DEFAULTMODE_FROM_RESET
  -------         PROC          HFOSC_0_ENTER_DEFAULTMODE_FROM_RESET
  C:D755H         LINE#         391
  C:D755H         LINE#         396
BL51 BANKED LINKER/LOCATER V6.22                                                      09/10/2018  09:41:02  PAGE 16


  C:D758H         LINE#         400
  -------         ENDPROC       HFOSC_0_ENTER_DEFAULTMODE_FROM_RESET
  -------         PROC          CLOCK_0_ENTER_DEFAULTMODE_FROM_RESET
  C:D759H         LINE#         405
  C:D759H         LINE#         412
  C:D75CH         LINE#         416
  -------         ENDPROC       CLOCK_0_ENTER_DEFAULTMODE_FROM_RESET
  -------         PROC          TIMER01_0_ENTER_DEFAULTMODE_FROM_RESET
  -------         DO            
  X:09F3H         SYMBOL        TCON_save
  -------         ENDDO         
  C:D488H         LINE#         421
  C:D488H         LINE#         425
  C:D48EH         LINE#         427
  C:D491H         LINE#         435
  C:D494H         LINE#         445
  C:D497H         LINE#         452
  C:D49AH         LINE#         457
  C:D4B2H         LINE#         462
  -------         ENDPROC       TIMER01_0_ENTER_DEFAULTMODE_FROM_RESET
  -------         PROC          TIMER16_2_ENTER_DEFAULTMODE_FROM_RESET
  -------         DO            
  X:09F4H         SYMBOL        TMR2CN0_TR2_save
  -------         ENDDO         
  C:D528H         LINE#         467
  C:D528H         LINE#         471
  C:D532H         LINE#         473
  C:D535H         LINE#         483
  C:D538H         LINE#         490
  C:D53BH         LINE#         497
  C:D53EH         LINE#         504
  C:D541H         LINE#         512
  C:D549H         LINE#         516
  -------         ENDPROC       TIMER16_2_ENTER_DEFAULTMODE_FROM_RESET
  -------         PROC          TIMER16_3_ENTER_DEFAULTMODE_FROM_RESET
  -------         DO            
  X:09F5H         SYMBOL        TMR3CN0_TR3_save
  -------         ENDDO         
  C:D54AH         LINE#         521
  C:D54AH         LINE#         525
  C:D554H         LINE#         527
  C:D557H         LINE#         537
  C:D55AH         LINE#         544
  C:D55DH         LINE#         551
  C:D560H         LINE#         558
  C:D563H         LINE#         566
  C:D56BH         LINE#         570
  -------         ENDPROC       TIMER16_3_ENTER_DEFAULTMODE_FROM_RESET
  -------         PROC          TIMER_SETUP_0_ENTER_DEFAULTMODE_FROM_RESET
  C:D72CH         LINE#         575
  C:D72CH         LINE#         586
  C:D72FH         LINE#         603
  C:D732H         LINE#         613
  C:D735H         LINE#         617
  -------         ENDPROC       TIMER_SETUP_0_ENTER_DEFAULTMODE_FROM_RESET
  -------         PROC          UARTE_1_ENTER_DEFAULTMODE_FROM_RESET
  C:D6E0H         LINE#         622
BL51 BANKED LINKER/LOCATER V6.22                                                      09/10/2018  09:41:02  PAGE 17


  C:D6E0H         LINE#         628
  C:D6E3H         LINE#         638
  C:D6E6H         LINE#         645
  C:D6E9H         LINE#         652
  C:D6ECH         LINE#         656
  -------         ENDPROC       UARTE_1_ENTER_DEFAULTMODE_FROM_RESET
  -------         PROC          EXTINT_0_ENTER_DEFAULTMODE_FROM_RESET
  C:D75DH         LINE#         661
  C:D75DH         LINE#         669
  C:D760H         LINE#         674
  -------         ENDPROC       EXTINT_0_ENTER_DEFAULTMODE_FROM_RESET
  -------         PROC          INTERRUPT_0_ENTER_DEFAULTMODE_FROM_RESET
  C:D65FH         LINE#         679
  C:D65FH         LINE#         691
  C:D662H         LINE#         707
  C:D665H         LINE#         722
  C:D668H         LINE#         736
  C:D66BH         LINE#         748
  C:D66EH         LINE#         760
  C:D671H         LINE#         765
  -------         ENDPROC       INTERRUPT_0_ENTER_DEFAULTMODE_FROM_RESET
  -------         ENDMOD        INITDEVICE

  -------         MODULE        ?C_STARTUP
  C:C7DFH         SEGMENT       ?C_C51STARTUP
  I:0044H         SEGMENT       ?STACK
  C:0000H         PUBLIC        ?C_STARTUP
  B:0020H.1       SYMBOL        ?B_BLFLAG
  D:00E0H         SYMBOL        ACC
  D:00F0H         SYMBOL        B
  D:0083H         SYMBOL        DPH
  D:0082H         SYMBOL        DPL
  N:0000H         SYMBOL        IBPSTACK
  N:0100H         SYMBOL        IBPSTACKTOP
  N:0080H         SYMBOL        IDATALEN
  C:C7E2H         SYMBOL        IDATALOOP
  N:0000H         SYMBOL        PBPSTACK
  N:0100H         SYMBOL        PBPSTACKTOP
  N:0000H         SYMBOL        PDATALEN
  N:0000H         SYMBOL        PDATASTART
  N:0000H         SYMBOL        PPAGE
  N:0000H         SYMBOL        PPAGEENABLE
  D:00A0H         SYMBOL        PPAGE_SFR
  D:0081H         SYMBOL        SP
  C:C7DFH         SYMBOL        STARTUP1
  N:0000H         SYMBOL        XBPSTACK
  N:0000H         SYMBOL        XBPSTACKTOP
  N:0000H         SYMBOL        XDATALEN
  N:0000H         SYMBOL        XDATASTART
  C:0000H         LINE#         128
  C:C7DFH         LINE#         135
  C:C7E1H         LINE#         136
  C:C7E2H         LINE#         137
  C:C7E3H         LINE#         138
  C:C7E5H         LINE#         187
  C:C7E8H         LINE#         198
  C:C7EAH         LINE#         200
BL51 BANKED LINKER/LOCATER V6.22                                                      09/10/2018  09:41:02  PAGE 18


  -------         ENDMOD        ?C_STARTUP

  -------         MODULE        ?A_APPINIT
  C:D762H         SEGMENT       ?C_APPINIT
  C:D762H         PUBLIC        ?A_APPINIT
  C:4000H         LINE#         16
  C:4001H         LINE#         17
  C:4002H         LINE#         18
  C:D762H         LINE#         21
  -------         ENDMOD        ?A_APPINIT

  -------         MODULE        MAIN
  C:0000H         SYMBOL        _ICE_DUMMY_
  C:9E6CH         PUBLIC        main
  D:0091H         PUBLIC        TMR3CN0
  C:D672H         PUBLIC        _SysHandleProcess
  -------         PROC          _SYSHANDLEPROCESS
  X:09F6H         SYMBOL        HandleCfg
  C:D672H         LINE#         6
  C:D677H         LINE#         11
  C:D683H         LINE#         13
  -------         ENDPROC       _SYSHANDLEPROCESS
  -------         PROC          MAIN
  C:9E6CH         LINE#         18
  C:9E6CH         LINE#         20
  C:9E6FH         LINE#         22
  C:9E72H         LINE#         23
  C:9E75H         LINE#         26
  C:9E78H         LINE#         40
  C:9E7BH         LINE#         43
  C:9E8AH         LINE#         44
  C:9E98H         LINE#         45
  C:9EA6H         LINE#         46
  C:9EB1H         LINE#         47
  C:9EC2H         LINE#         48
  C:9ED0H         LINE#         49
  C:9EDBH         LINE#         50
  C:9EEFH         LINE#         51
  C:9EFDH         LINE#         52
  C:9F08H         LINE#         53
  C:9F08H         LINE#         54
  C:9F17H         LINE#         55
  C:9F25H         LINE#         56
  C:9F30H         LINE#         57
  C:9F3FH         LINE#         58
  C:9F4DH         LINE#         59
  C:9F58H         LINE#         60
  C:9F66H         LINE#         61
  C:9F74H         LINE#         63
  C:9F7EH         LINE#         64
  C:9F89H         LINE#         65
  C:9F8BH         LINE#         66
  C:9F90H         LINE#         67
  C:9FA1H         LINE#         68
  C:9FB2H         LINE#         69
  C:9FC3H         LINE#         70
  C:9FC6H         LINE#         71
BL51 BANKED LINKER/LOCATER V6.22                                                      09/10/2018  09:41:02  PAGE 19


  C:9FC8H         LINE#         72
  C:9FC8H         LINE#         74
  C:9FC8H         LINE#         75
  C:9FD3H         LINE#         76
  C:9FEEH         LINE#         77
  C:9FF0H         LINE#         78
  -------         ENDPROC       MAIN
  -------         ENDMOD        MAIN

  -------         MODULE        GLOBAL
  C:0000H         SYMBOL        _ICE_DUMMY_
  C:D0E0H         PUBLIC        TIMER1_ISR
  X:08DAH         PUBLIC        TxSys
  X:08E6H         PUBLIC        SysTaskHandle
  C:C986H         PUBLIC        _DelayMs
  D:0042H         PUBLIC        TickCnt1ms
  D:008DH         PUBLIC        TH1
  D:008BH         PUBLIC        TL1
  B:0088H.7       PUBLIC        TCON_TF1
  C:D12BH         PUBLIC        SysDatInit
  X:08E8H         PUBLIC        SysModuleEnable
  -------         PROC          SYSDATINIT
  C:D12BH         LINE#         9
  C:D12BH         LINE#         10
  C:D131H         LINE#         12
  C:D139H         LINE#         13
  C:D141H         LINE#         15
  C:D149H         LINE#         16
  C:D151H         LINE#         17
  C:D159H         LINE#         18
  C:D161H         LINE#         19
  C:D169H         LINE#         20
  C:D171H         LINE#         21
  -------         ENDPROC       SYSDATINIT
  -------         PROC          _DELAYMS
  X:09BAH         SYMBOL        mTim
  -------         DO            
  X:09BCH         SYMBOL        TickOverFlow
  X:09BDH         SYMBOL        DelayTickCnt
  -------         ENDDO         
  C:C986H         LINE#         23
  C:C98EH         LINE#         27
  C:C993H         LINE#         28
  C:C9ABH         LINE#         29
  C:C9C8H         LINE#         31
  C:C9C8H         LINE#         32
  C:C9D1H         LINE#         33
  C:C9EBH         LINE#         34
  C:C9EDH         LINE#         35
  C:C9EFH         LINE#         36
  C:C9F4H         LINE#         37
  C:C9F4H         LINE#         38
  C:C9F6H         LINE#         39
  C:CA08H         LINE#         40
  C:CA08H         LINE#         41
  C:CA0AH         LINE#         42
  -------         ENDPROC       _DELAYMS
BL51 BANKED LINKER/LOCATER V6.22                                                      09/10/2018  09:41:02  PAGE 20


  -------         PROC          TIMER1_ISR
  C:D0E0H         LINE#         44
  C:D0FDH         LINE#         45
  C:D0FFH         LINE#         46
  C:D102H         LINE#         47
  C:D105H         LINE#         49
  C:D10DH         LINE#         50
  C:D110H         LINE#         51
  -------         ENDPROC       TIMER1_ISR
  -------         ENDMOD        GLOBAL

  -------         MODULE        ESC
  C:0000H         SYMBOL        _ICE_DUMMY_
  C:B68CH         PUBLIC        TIMER0_ISR
  C:CDCDH         PUBLIC        TIMER2_ISR
  C:C86DH         PUBLIC        _EscDatCharge
  X:077EH         PUBLIC        TxNextDelayCnt
  D:00A4H         PUBLIC        P0MDOUT
  X:077FH         PUBLIC        EscParam
  D:0022H         PUBLIC        PwmOnRef
  X:07AFH         PUBLIC        RxDataEnable
  D:0023H         PUBLIC        PwmOutCnt
  X:07B0H         PUBLIC        EscDatSumPre
  D:0025H         PUBLIC        PwmOutNum
  B:00C8H.2       PUBLIC        TMR2CN0_TR2
  D:00F1H         PUBLIC        P0MDIN
  X:07B2H         PUBLIC        PgmStatus
  D:0027H         PUBLIC        DataPulseCnt
  B:00A8H.0       PUBLIC        IE_EX0
  D:0029H         PUBLIC        InitPulseCnt
  D:008CH         PUBLIC        TH0
  C:CCFAH         PUBLIC        EscDatInit
  D:008AH         PUBLIC        TL0
  B:0088H.1       PUBLIC        TCON_IE0
  X:07B3H         PUBLIC        EscTxParam
  B:00C8H.7       PUBLIC        TMR2CN0_TF2H
  B:0088H.5       PUBLIC        TCON_TF0
  C:D240H         PUBLIC        INT0_ISR
  X:07E3H         PUBLIC        InPulseIdx
  B:0088H.4       PUBLIC        TCON_TR0
  X:07E4H         PUBLIC        OutPulseIdx
  X:07E5H         PUBLIC        EscDatSum
  B:0080H.4       PUBLIC        RC_OUT
  X:07E7H         PUBLIC        TxInitPulse
  C:ABF3H         PUBLIC        EscDetect
  -------         PROC          ESCDATINIT
  -------         DO            
  X:09F7H         SYMBOL        i
  -------         ENDDO         
  C:CCFAH         LINE#         35
  C:CCFAH         LINE#         38
  C:CCFFH         LINE#         39
  C:CD0FH         LINE#         40
  C:CD25H         LINE#         41
  C:CD2DH         LINE#         43
  C:CD38H         LINE#         44
  C:CD3DH         LINE#         46
BL51 BANKED LINKER/LOCATER V6.22                                                      09/10/2018  09:41:02  PAGE 21


  C:CD49H         LINE#         47
  C:CD55H         LINE#         49
  C:CD58H         LINE#         50
  C:CD64H         LINE#         51
  -------         ENDPROC       ESCDATINIT
  -------         PROC          ESCDETECT
  -------         DO            
  X:09F8H         SYMBOL        i
  -------         ENDDO         
  C:ABF3H         LINE#         53
  C:ABF3H         LINE#         57
  C:AC2DH         LINE#         58
  C:AC33H         LINE#         59
  C:AC38H         LINE#         62
  C:AC3AH         LINE#         63
  C:AC47H         LINE#         66
  C:AC7AH         LINE#         67
  C:AC7FH         LINE#         68
  C:AC85H         LINE#         69
  C:AC8CH         LINE#         72
  C:ACC6H         LINE#         73
  C:ACCBH         LINE#         74
  C:ACD0H         LINE#         82
  C:ACE1H         LINE#         83
  C:AD09H         LINE#         84
  C:AD11H         LINE#         85
  -------         ENDPROC       ESCDETECT
  -------         PROC          TIMER0_ISR
  C:B68CH         LINE#         88
  C:B69DH         LINE#         89
  C:B69FH         LINE#         90
  C:B6A1H         LINE#         92
  C:B6A9H         LINE#         93
  C:B6C9H         LINE#         94
  C:B6D2H         LINE#         95
  C:B6DCH         LINE#         96
  C:B6DCH         LINE#         98
  C:B6E2H         LINE#         99
  C:B6E8H         LINE#         100
  C:B6EBH         LINE#         101
  C:B6F3H         LINE#         102
  C:B6FEH         LINE#         103
  C:B704H         LINE#         104
  C:B70FH         LINE#         105
  C:B712H         LINE#         106
  C:B715H         LINE#         107
  C:B717H         LINE#         108
  C:B719H         LINE#         109
  C:B725H         LINE#         110
  C:B72AH         LINE#         111
  C:B738H         LINE#         112
  C:B738H         LINE#         113
  C:B73AH         LINE#         114
  C:B75AH         LINE#         115
  C:B760H         LINE#         117
  C:B763H         LINE#         118
  C:B766H         LINE#         119
BL51 BANKED LINKER/LOCATER V6.22                                                      09/10/2018  09:41:02  PAGE 22


  C:B768H         LINE#         121
  C:B76CH         LINE#         122
  C:B76CH         LINE#         123
  C:B76EH         LINE#         124
  C:B774H         LINE#         126
  C:B777H         LINE#         127
  C:B77AH         LINE#         128
  C:B77CH         LINE#         130
  C:B780H         LINE#         131
  C:B780H         LINE#         132
  C:B780H         LINE#         133
  -------         ENDPROC       TIMER0_ISR
  -------         PROC          TIMER2_ISR
  C:CDCDH         LINE#         136
  C:CDDCH         LINE#         137
  C:CDDEH         LINE#         139
  C:CDEFH         LINE#         140
  C:CDF3H         LINE#         141
  C:CDF5H         LINE#         142
  C:CDF8H         LINE#         143
  C:CDFAH         LINE#         144
  C:CDFCH         LINE#         145
  C:CDFFH         LINE#         147
  C:CE07H         LINE#         148
  C:CE07H         LINE#         149
  C:CE09H         LINE#         150
  C:CE11H         LINE#         151
  C:CE19H         LINE#         152
  C:CE19H         LINE#         153
  C:CE1BH         LINE#         154
  C:CE27H         LINE#         155
  C:CE27H         LINE#         156
  -------         ENDPROC       TIMER2_ISR
  -------         PROC          INT0_ISR
  C:D240H         LINE#         158
  C:D24DH         LINE#         159
  C:D250H         LINE#         160
  C:D254H         LINE#         161
  C:D259H         LINE#         162
  C:D25CH         LINE#         163
  C:D267H         LINE#         164
  C:D26AH         LINE#         165
  C:D26DH         LINE#         166
  C:D26FH         LINE#         167
  C:D26FH         LINE#         168
  C:D277H         LINE#         169
  C:D277H         LINE#         170
  C:D277H         LINE#         171
  -------         ENDPROC       INT0_ISR
  -------         PROC          _ESCDATCHARGE
  X:09BFH         SYMBOL        pDat
  X:09C2H         SYMBOL        DatSize
  -------         DO            
  X:09C3H         SYMBOL        i
  -------         ENDDO         
  C:C86DH         LINE#         174
  C:C87DH         LINE#         177
BL51 BANKED LINKER/LOCATER V6.22                                                      09/10/2018  09:41:02  PAGE 23


  C:C885H         LINE#         178
  C:C899H         LINE#         179
  C:C8C5H         LINE#         180
  C:C8CDH         LINE#         182
  C:C8E5H         LINE#         183
  C:C8F5H         LINE#         184
  C:C8F8H         LINE#         185
  C:C8F8H         LINE#         186
  C:C8FAH         LINE#         187
  -------         ENDPROC       _ESCDATCHARGE
  -------         ENDMOD        ESC

  -------         MODULE        STABLIZER
  C:0000H         SYMBOL        _ICE_DUMMY_
  D:0034H         PUBLIC        StablizerTickOverFlow
  C:D3A8H         PUBLIC        UART1_Read_Encode
  D:00A5H         PUBLIC        P1MDOUT
  C:979AH         PUBLIC        UART1_Write_Encode
  X:07E8H         PUBLIC        RxTxStatue
  C:C455H         PUBLIC        StablizerDetect
  X:07E9H         PUBLIC        StabilizerParam
  C:CF47H         PUBLIC        _UART1_Write_Buffer
  X:080DH         PUBLIC        RxPackageCnt
  D:00F2H         PUBLIC        P1MDIN
  X:080EH         PUBLIC        Sum
  X:0810H         PUBLIC        RxDatHandle
  C:B98FH         PUBLIC        UART1_ISR
  D:0035H         PUBLIC        DetectStablizerTickCnt
  X:0811H         PUBLIC        RxSocketDat
  C:BD53H         PUBLIC        _DetectChargeParameter
  B:0090H.0       PUBLIC        P1_B0
  B:0090H.1       PUBLIC        P1_B1
  X:081EH         PUBLIC        TxSocketDat
  D:0037H         PUBLIC        DetectStablizerTickOverFlow
  X:082BH         PUBLIC        SumPre
  C:8F8BH         PUBLIC        RxSocketDeCode
  X:082DH         PUBLIC        RxPackageLength
  D:00D3H         PUBLIC        SBUF1
  B:0088H.2       PUBLIC        TCON_IT1
  D:00D2H         PUBLIC        SCON1
  C:C1BEH         PUBLIC        StablizerDatInit
  D:0038H         PUBLIC        StablizerTickCnt
  C:CA0BH         PUBLIC        StablizerProcessHandle
  X:082EH         PUBLIC        RxPackageData
  X:082FH         PUBLIC        RxStatusIdx
  C:C060H         PUBLIC        RxSocketHandler
  -------         PROC          _UART1_WRITE_BUFFER
  X:09C4H         SYMBOL        pTxBuffer
  X:09C7H         SYMBOL        SizeBuffer
  -------         DO            
  X:09C8H         SYMBOL        i
  -------         ENDDO         
  C:CF47H         LINE#         25
  C:CF57H         LINE#         26
  C:CF5CH         LINE#         27
  C:CF70H         LINE#         28
  C:CF8BH         LINE#         29
BL51 BANKED LINKER/LOCATER V6.22                                                      09/10/2018  09:41:02  PAGE 24


  C:CF90H         LINE#         30
  C:CF93H         LINE#         31
  C:CF9BH         LINE#         32
  -------         ENDPROC       _UART1_WRITE_BUFFER
  -------         PROC          UART1_READ_ENCODE
  C:D3A8H         LINE#         33
  C:D3A8H         LINE#         34
  C:D3AEH         LINE#         35
  C:D3B4H         LINE#         36
  C:D3BAH         LINE#         37
  C:D3D4H         LINE#         38
  -------         ENDPROC       UART1_READ_ENCODE
  -------         PROC          UART1_WRITE_ENCODE
  C:979AH         LINE#         39
  C:979AH         LINE#         40
  C:97A0H         LINE#         41
  C:97A6H         LINE#         42
  C:97C6H         LINE#         43
  C:97E6H         LINE#         44
  C:9806H         LINE#         45
  C:9826H         LINE#         46
  C:9846H         LINE#         47
  C:9866H         LINE#         48
  C:9877H         LINE#         49
  C:9888H         LINE#         51
  C:98CEH         LINE#         55
  C:9900H         LINE#         58
  C:9962H         LINE#         62
  -------         ENDPROC       UART1_WRITE_ENCODE
  -------         PROC          RXSOCKETDECODE
  C:8F8BH         LINE#         63
  C:8F8BH         LINE#         64
  C:8FA1H         LINE#         65
  C:8FB4H         LINE#         67
  C:8FCAH         LINE#         68
  C:8FDDH         LINE#         70
  C:8FF3H         LINE#         71
  C:9006H         LINE#         73
  C:902BH         LINE#         74
  C:9050H         LINE#         76
  C:9075H         LINE#         77
  C:909AH         LINE#         79
  C:90BFH         LINE#         80
  C:90E4H         LINE#         82
  C:90FBH         LINE#         83
  C:9112H         LINE#         85
  C:9127H         LINE#         86
  C:9142H         LINE#         87
  C:915CH         LINE#         88
  C:9178H         LINE#         90
  C:918DH         LINE#         91
  C:91A8H         LINE#         92
  C:91C2H         LINE#         93
  -------         ENDPROC       RXSOCKETDECODE
  -------         PROC          RXSOCKETHANDLER
  -------         DO            
  X:09E4H         SYMBOL        i
BL51 BANKED LINKER/LOCATER V6.22                                                      09/10/2018  09:41:02  PAGE 25


  X:09E5H         SYMBOL        Crc_Data
  -------         ENDDO         
  C:C060H         LINE#         94
  C:C060H         LINE#         97
  C:C08DH         LINE#         98
  C:C0A4H         LINE#         99
  C:C0ACH         LINE#         101
  C:C0C6H         LINE#         102
  C:C0E1H         LINE#         103
  C:C0EFH         LINE#         104
  C:C102H         LINE#         105
  C:C110H         LINE#         106
  C:C113H         LINE#         107
  C:C113H         LINE#         108
  C:C113H         LINE#         109
  -------         ENDPROC       RXSOCKETHANDLER
  -------         PROC          _DETECTCHARGEPARAMETER
  X:09C9H         SYMBOL        pData
  X:09CCH         SYMBOL        DataSize
  -------         DO            
  X:09CDH         SYMBOL        i
  -------         ENDDO         
  C:BD53H         LINE#         110
  C:BD63H         LINE#         113
  C:BD6BH         LINE#         114
  C:BD7FH         LINE#         115
  C:BDABH         LINE#         116
  C:BDB3H         LINE#         117
  C:BDCBH         LINE#         118
  C:BDDBH         LINE#         119
  C:BDE4H         LINE#         120
  C:BE00H         LINE#         122
  C:BE02H         LINE#         123
  C:BE0EH         LINE#         124
  C:BE19H         LINE#         125
  C:BE1CH         LINE#         126
  C:BE1CH         LINE#         127
  C:BE1EH         LINE#         128
  C:BE1EH         LINE#         129
  C:BE1EH         LINE#         130
  -------         ENDPROC       _DETECTCHARGEPARAMETER
  -------         PROC          STABLIZERDATINIT
  -------         DO            
  X:09F9H         SYMBOL        i
  -------         ENDDO         
  C:C1BEH         LINE#         132
  C:C1BEH         LINE#         135
  C:C1E7H         LINE#         136
  C:C210H         LINE#         137
  C:C23EH         LINE#         139
  C:C243H         LINE#         140
  C:C248H         LINE#         141
  C:C252H         LINE#         143
  C:C25BH         LINE#         144
  C:C264H         LINE#         145
  -------         ENDPROC       STABLIZERDATINIT
  -------         PROC          STABLIZERDETECT
BL51 BANKED LINKER/LOCATER V6.22                                                      09/10/2018  09:41:02  PAGE 26


  -------         DO            
  X:09FAH         SYMBOL        InitDatCnt
  -------         ENDDO         
  C:C455H         LINE#         146
  C:C455H         LINE#         149
  C:C45BH         LINE#         150
  C:C461H         LINE#         152
  C:C461H         LINE#         154
  C:C46AH         LINE#         155
  C:C479H         LINE#         157
  C:C479H         LINE#         159
  C:C47BH         LINE#         160
  C:C480H         LINE#         161
  C:C48BH         LINE#         162
  C:C48FH         LINE#         163
  C:C491H         LINE#         164
  C:C494H         LINE#         165
  C:C494H         LINE#         166
  C:C496H         LINE#         167
  C:C498H         LINE#         168
  C:C4A3H         LINE#         169
  C:C4AFH         LINE#         170
  C:C4BDH         LINE#         171
  C:C4BFH         LINE#         173
  C:C4C5H         LINE#         174
  C:C4C8H         LINE#         175
  C:C4D3H         LINE#         176
  C:C4D3H         LINE#         177
  C:C4D3H         LINE#         178
  C:C4D5H         LINE#         179
  C:C4D8H         LINE#         180
  C:C4E2H         LINE#         181
  C:C4E4H         LINE#         183
  C:C4E7H         LINE#         184
  C:C4F1H         LINE#         185
  C:C4F3H         LINE#         186
  -------         ENDPROC       STABLIZERDETECT
  -------         PROC          STABLIZERPROCESSHANDLE
  C:CA0BH         LINE#         187
  C:CA0BH         LINE#         189
  C:CA13H         LINE#         190
  C:CA1BH         LINE#         191
  C:CA1BH         LINE#         193
  C:CA1DH         LINE#         194
  C:CA22H         LINE#         195
  C:CA2DH         LINE#         196
  C:CA2FH         LINE#         197
  C:CA31H         LINE#         198
  C:CA34H         LINE#         199
  C:CA34H         LINE#         200
  C:CA36H         LINE#         201
  C:CA37H         LINE#         202
  C:CA42H         LINE#         203
  C:CA4EH         LINE#         204
  C:CA5CH         LINE#         205
  C:CA5EH         LINE#         207
  C:CA67H         LINE#         208
BL51 BANKED LINKER/LOCATER V6.22                                                      09/10/2018  09:41:02  PAGE 27


  C:CA6AH         LINE#         209
  C:CA75H         LINE#         210
  C:CA7FH         LINE#         211
  C:CA82H         LINE#         212
  C:CA8DH         LINE#         213
  C:CA8DH         LINE#         214
  C:CA8DH         LINE#         215
  C:CA8DH         LINE#         216
  -------         ENDPROC       STABLIZERPROCESSHANDLE
  -------         PROC          UART1_ISR
  C:B98FH         LINE#         218
  C:B99EH         LINE#         219
  C:B9A6H         LINE#         220
  C:B9A9H         LINE#         221
  C:B9AFH         LINE#         223
  C:B9C0H         LINE#         224
  C:B9C6H         LINE#         225
  C:B9D0H         LINE#         226
  C:B9E7H         LINE#         227
  C:B9EDH         LINE#         228
  C:B9F7H         LINE#         229
  C:BA06H         LINE#         230
  C:BA1CH         LINE#         231
  C:BA26H         LINE#         232
  C:BA2CH         LINE#         233
  C:BA2CH         LINE#         234
  C:BA42H         LINE#         235
  C:BA48H         LINE#         236
  C:BA53H         LINE#         237
  C:BA58H         LINE#         238
  C:BA6EH         LINE#         239
  C:BA74H         LINE#         240
  C:BA76H         LINE#         241
  C:BA7BH         LINE#         242
  C:BA7BH         LINE#         243
  C:BA7BH         LINE#         244
  -------         ENDPROC       UART1_ISR
  -------         ENDMOD        STABLIZER

  -------         MODULE        LIPOCELLS
  C:0000H         SYMBOL        _ICE_DUMMY_
  X:0860H         PUBLIC        AdcValue
  B:00E8H.5       PUBLIC        ADC0CN0_ADINT
  C:93C5H         PUBLIC        ADC0EOC_ISR
  C:CE97H         PUBLIC        LipoCellsDatInit
  X:0864H         PUBLIC        AdcCovEnTrigger
  C:D601H         PUBLIC        LipoCellsProcessHandle
  X:0865H         PUBLIC        IdxChs
  X:0866H         PUBLIC        AdcVoltage
  B:00E8H.4       PUBLIC        ADC0CN0_ADBUSY
  D:00BBH         PUBLIC        AMX0P
  X:0868H         PUBLIC        i
  C:D301H         PUBLIC        LipoCellsDetect
  X:0869H         PUBLIC        AdcCovOkFlag
  X:086AH         PUBLIC        BatVoltage
  D:00BDH         PUBLIC        ADC0
  -------         PROC          LIPOCELLSDATINIT
BL51 BANKED LINKER/LOCATER V6.22                                                      09/10/2018  09:41:02  PAGE 28


  C:CE97H         LINE#         13
  C:CE97H         LINE#         14
  C:CEB7H         LINE#         15
  C:CED7H         LINE#         16
  C:CEDFH         LINE#         18
  C:CEE4H         LINE#         19
  C:CEEFH         LINE#         20
  -------         ENDPROC       LIPOCELLSDATINIT
  -------         PROC          LIPOCELLSDETECT
  C:D301H         LINE#         22
  C:D301H         LINE#         23
  C:D303H         LINE#         24
  C:D30BH         LINE#         26
  C:D32DH         LINE#         27
  C:D33BH         LINE#         28
  C:D33BH         LINE#         29
  -------         ENDPROC       LIPOCELLSDETECT
  -------         PROC          LIPOCELLSPROCESSHANDLE
  C:D601H         LINE#         31
  C:D601H         LINE#         32
  C:D60AH         LINE#         33
  C:D612H         LINE#         34
  C:D619H         LINE#         35
  C:D619H         LINE#         36
  C:D619H         LINE#         38
  C:D619H         LINE#         39
  -------         ENDPROC       LIPOCELLSPROCESSHANDLE
  -------         PROC          ADC0EOC_ISR
  C:93C5H         LINE#         41
  C:93E2H         LINE#         42
  C:93E4H         LINE#         44
  C:9409H         LINE#         45
  C:940EH         LINE#         46
  C:9413H         LINE#         47
  C:9418H         LINE#         48
  C:941DH         LINE#         49
  C:9422H         LINE#         50
  C:9427H         LINE#         51
  C:942CH         LINE#         52
  C:942FH         LINE#         53
  C:942FH         LINE#         55
  C:943CH         LINE#         56
  C:9468H         LINE#         58
  C:9482H         LINE#         59
  C:94B9H         LINE#         60
  C:94C1H         LINE#         61
  C:94E3H         LINE#         62
  C:950BH         LINE#         63
  C:950DH         LINE#         64
  C:952DH         LINE#         65
  C:952DH         LINE#         67
  C:953AH         LINE#         68
  C:9540H         LINE#         69
  C:9542H         LINE#         70
  C:9544H         LINE#         71
  C:954CH         LINE#         72
  C:955EH         LINE#         73
BL51 BANKED LINKER/LOCATER V6.22                                                      09/10/2018  09:41:02  PAGE 29


  C:958AH         LINE#         74
  C:9592H         LINE#         75
  C:9597H         LINE#         76
  C:959DH         LINE#         77
  C:959DH         LINE#         78
  -------         ENDPROC       ADC0EOC_ISR
  -------         ENDMOD        LIPOCELLS

  -------         MODULE        STERRING
  C:0000H         SYMBOL        _ICE_DUMMY_
  C:9B2AH         PUBLIC        TIMER3_ISR
  C:D4B3H         PUBLIC        SterringDatInit
  C:D763H         PUBLIC        SterringProcessHandle
  D:002BH         PUBLIC        SterringPwmPulse
  D:002DH         PUBLIC        SterringPwmCnt
  C:D6B6H         PUBLIC        SterringDetect
  X:0978H         PUBLIC        SterringParam
  D:0091H         PUBLIC        TMR3CN0
  B:0080H.4       PUBLIC        RC_OUT
  D:002FH         PUBLIC        SterringPwmPeriod
  D:0031H         PUBLIC        SterringTickTime
  D:0033H         PUBLIC        SterringStepState
  -------         PROC          STERRINGDATINIT
  C:D4B3H         LINE#         13
  C:D4B3H         LINE#         14
  C:D4B9H         LINE#         15
  C:D4C5H         LINE#         16
  C:D4DDH         LINE#         17
  -------         ENDPROC       STERRINGDATINIT
  -------         PROC          STERRINGDETECT
  C:D6B6H         LINE#         18
  C:D6B6H         LINE#         19
  C:D6C4H         LINE#         20
  -------         ENDPROC       STERRINGDETECT
  -------         PROC          STERRINGPROCESSHANDLE
  C:D763H         LINE#         21
  C:D763H         LINE#         22
  -------         ENDPROC       STERRINGPROCESSHANDLE
  -------         PROC          TIMER3_ISR
  C:9B2AH         LINE#         24
  C:9B41H         LINE#         25
  C:9B4CH         LINE#         26
  C:9B59H         LINE#         27
  C:9B5BH         LINE#         28
  C:9B63H         LINE#         29
  C:9B63H         LINE#         30
  C:9B6BH         LINE#         31
  C:9B6EH         LINE#         33
  C:9B7DH         LINE#         34
  C:9B85H         LINE#         35
  C:9BAFH         LINE#         36
  C:9BB3H         LINE#         37
  C:9BC1H         LINE#         38
  C:9BD2H         LINE#         39
  C:9BD4H         LINE#         40
  C:9BE2H         LINE#         41
  C:9BF5H         LINE#         42
[...]
ADCVALUE . . . . . . . . . . . . . . . . . XDATA;   LIPOCELLS  
ADCVOLTAGE . . . . . . . . . . . . . . . . XDATA;   LIPOCELLS  
ADC_0_ENTER_DEFAULTMODE_FROM_RESET . . . . CODE;    INITDEVICE  
ASCFONTTABLEMASK . . . . . . . . . . . . . CODE;    PAGERES  LCDBSAE  LCDDRAW  
AUTOFLYMODEMS. . . . . . . . . . . . . . . XDATA;   PAGESTABILIZERMODE  PAGE  
AUTOFLYMS. . . . . . . . . . . . . . . . . XDATA;   PAGESTABILIZER  PAGE  
AUTOFLYPITCHGAINMS . . . . . . . . . . . . XDATA;   PAGESTABILIZERPITCHGAIN  PAGE  
AUTOFLYROLLGAINMS. . . . . . . . . . . . . XDATA;   PAGESTABILIZERROLLGAIN  PAGE  
AUTOFLYYAWGAINMS . . . . . . . . . . . . . XDATA;   PAGESTABILIZERYAWGAIN  PAGE  
BATVOLTAGE . . . . . . . . . . . . . . . . XDATA;   LIPOCELLS  PAGELIPOCELLS  
BTNCNT . . . . . . . . . . . . . . . . . . XDATA;   INPUTBTN  
BTNDATINIT . . . . . . . . . . . . . . . . CODE;    INPUTBTN  MAIN  
BTNDOWN. . . . . . . . . . . . . . . . . . XDATA;   INPUTBTN  
BTNDOWNBUFFER. . . . . . . . . . . . . . . XDATA;   INPUTBTN  
BTNFLUSH . . . . . . . . . . . . . . . . . CODE;    INPUTBTN  
BTNHOLD. . . . . . . . . . . . . . . . . . XDATA;   INPUTBTN  
BTNHOLDBUFFER. . . . . . . . . . . . . . . XDATA;   INPUTBTN  
BTNSCANHANDLE. . . . . . . . . . . . . . . CODE;    INPUTBTN  GLOBAL  
BTNSTAT. . . . . . . . . . . . . . . . . . XDATA;   INPUTBTN  
BTNSTOPCNT . . . . . . . . . . . . . . . . CODE;    INPUTBTN  
BL51 BANKED LINKER/LOCATER V6.22                                                      09/10/2018  09:41:02  PAGE 73


BTNTICKCNT . . . . . . . . . . . . . . . . DATA;    INPUTBTN  
BTNTICKOVERFLOW. . . . . . . . . . . . . . DATA;    INPUTBTN  
BTNTMPCACHE. . . . . . . . . . . . . . . . XDATA;   INPUTBTN  
BTNUPDATE. . . . . . . . . . . . . . . . . XDATA;   INPUTBTN  
CHSFONTTABLEMASK . . . . . . . . . . . . . CODE;    PAGERES  LCDDRAW  
CLOCK_0_ENTER_DEFAULTMODE_FROM_RESET . . . CODE;    INITDEVICE  
DATAPULSECNT . . . . . . . . . . . . . . . DATA;    ESC  
DETECTSTABLIZERTICKCNT . . . . . . . . . . DATA;    STABLIZER  
DETECTSTABLIZERTICKOVERFLOW. . . . . . . . DATA;    STABLIZER  
ENTER_DEFAULTMODE_FROM_RESET . . . . . . . CODE;    INITDEVICE  MAIN  
ESC1THDATPROCCESS. . . . . . . . . . . . . CODE;    PAGEESC1TH  
ESC1THMS . . . . . . . . . . . . . . . . . XDATA;   PAGEESC1TH  PAGE  
ESC2THDATPREPROCCESS . . . . . . . . . . . CODE;    PAGEESC2TH  
ESC2THMS . . . . . . . . . . . . . . . . . XDATA;   PAGEESC2TH  PAGE  
ESC3THDATPROCCESS. . . . . . . . . . . . . CODE;    PAGEESC3TH  
ESC3THMS . . . . . . . . . . . . . . . . . XDATA;   PAGEESC3TH  PAGE  
ESCDATINIT . . . . . . . . . . . . . . . . CODE;    ESC  
ESCDATSUM. . . . . . . . . . . . . . . . . XDATA;   ESC  
ESCDATSUMPRE . . . . . . . . . . . . . . . XDATA;   ESC  
ESCDETECT. . . . . . . . . . . . . . . . . CODE;    ESC  
ESCMS. . . . . . . . . . . . . . . . . . . XDATA;   PAGEESC  PAGE  
ESCPARAM . . . . . . . . . . . . . . . . . XDATA;   ESC  MAIN  PAGEESC  PAGEESC1TH  PAGEESC2TH  PAGEESC3TH  
ESCTXPARAM . . . . . . . . . . . . . . . . XDATA;   ESC  PAGEESC  
EXTINT_0_ENTER_DEFAULTMODE_FROM_RESET. . . CODE;    INITDEVICE  
HFOSC_0_ENTER_DEFAULTMODE_FROM_RESET . . . CODE;    INITDEVICE  
I. . . . . . . . . . . . . . . . . . . . . XDATA;   LIPOCELLS  
IDXCHS . . . . . . . . . . . . . . . . . . XDATA;   LIPOCELLS  
IDXSTATUE. . . . . . . . . . . . . . . . . XDATA;   PAGESTABILIZERBUILD  
INITPULSECNT . . . . . . . . . . . . . . . DATA;    ESC  
INPULSEIDX . . . . . . . . . . . . . . . . XDATA;   ESC  
INT0_ISR . . . . . . . . . . . . . . . . . CODE;    ESC  
INTERRUPT_0_ENTER_DEFAULTMODE_FROM_RESET . CODE;    INITDEVICE  
LCDBW. . . . . . . . . . . . . . . . . . . XDATA;   LCDDRAW  PAGE  
LCDDATINIT . . . . . . . . . . . . . . . . CODE;    LCDDRAW  
LCDDIR . . . . . . . . . . . . . . . . . . XDATA;   LCDDRAW  
LCDDISPBUF . . . . . . . . . . . . . . . . XDATA;   LCDDRAW  LCDBSAE  
LCDDISPIMG . . . . . . . . . . . . . . . . XDATA;   LCDDRAW  LCDBSAE  
LCDDRAWBUFFERREFRESH . . . . . . . . . . . CODE;    LCDBSAE  MAIN  PAGE  PAGEESC  PAGELIPOCELLS  PAGESTABILIZERBUILD  
LCDDRAWINIT. . . . . . . . . . . . . . . . CODE;    LCDDRAW  
LCDLEFT. . . . . . . . . . . . . . . . . . XDATA;   LCDDRAW  
LCDRIGHT . . . . . . . . . . . . . . . . . XDATA;   LCDDRAW  
LCDXPOS. . . . . . . . . . . . . . . . . . XDATA;   LCDDRAW  
LCDYPOS. . . . . . . . . . . . . . . . . . XDATA;   LCDDRAW  
LCD_INIT . . . . . . . . . . . . . . . . . CODE;    LCDBSAE  
LIPOCELLSDATINIT . . . . . . . . . . . . . CODE;    LIPOCELLS  
LIPOCELLSDETECT. . . . . . . . . . . . . . CODE;    LIPOCELLS  
LIPOCELLSESCMS . . . . . . . . . . . . . . XDATA;   PAGELIPOCELLS  PAGE  
LIPOCELLSPROCESSHANDLE . . . . . . . . . . CODE;    LIPOCELLS  
MAIN . . . . . . . . . . . . . . . . . . . CODE;    MAIN  ?C_INIT  
MAXCURR. . . . . . . . . . . . . . . . . . XDATA;   PAGEESC  
MAXTEMP. . . . . . . . . . . . . . . . . . XDATA;   PAGEESC  
MENUITEMAUTOFLY. . . . . . . . . . . . . . CODE;    PAGESTABILIZER  
MENUITEMAUTOFLYMODE. . . . . . . . . . . . CODE;    PAGESTABILIZERMODE  
MENUITEMAUTOFLYPITCHGAIN . . . . . . . . . CODE;    PAGESTABILIZERPITCHGAIN  
MENUITEMAUTOFLYROLLGAIN. . . . . . . . . . CODE;    PAGESTABILIZERROLLGAIN  
MENUITEMAUTOFLYYAWGAIN . . . . . . . . . . CODE;    PAGESTABILIZERYAWGAIN  
MENUITEMESC1TH . . . . . . . . . . . . . . CODE;    PAGEESC1TH  
BL51 BANKED LINKER/LOCATER V6.22                                                      09/10/2018  09:41:02  PAGE 74


MENUITEMESC2TH . . . . . . . . . . . . . . CODE;    PAGEESC2TH  
MENUITEMESC3TH . . . . . . . . . . . . . . CODE;    PAGEESC3TH  
MENUITEMPARAMESC . . . . . . . . . . . . . CODE;    PAGEESC  
MENUITEMSTERRING . . . . . . . . . . . . . CODE;    PAGESTEERING  
MINFONTTABLEMASK . . . . . . . . . . . . . CODE;    PAGERES  LCDDRAW  
MINVOLT. . . . . . . . . . . . . . . . . . XDATA;   PAGEESC  
OUTPULSEIDX. . . . . . . . . . . . . . . . XDATA;   ESC  
PAGEMAINBMP. . . . . . . . . . . . . . . . CODE;    PAGERES  
PAGEMENUSTATDATINIT. . . . . . . . . . . . CODE;    PAGE  
PAGEOPTIONAUTOFLYPITCHGAIN . . . . . . . . CODE;    PAGESTABILIZERPITCHGAIN  
PAGEOPTIONAUTOFLYYAWGAIN . . . . . . . . . CODE;    PAGESTABILIZERYAWGAIN  
PAGEOPTIONFLYMODE. . . . . . . . . . . . . CODE;    PAGESTABILIZERMODE  
PAGEOPTIONGAINDIR. . . . . . . . . . . . . CODE;    PAGESTABILIZERROLLGAIN  
PAGEOPTIONMOUNTINGDIR. . . . . . . . . . . CODE;    PAGESTABILIZER  
PAGEOPTIONSTERRINGMODE . . . . . . . . . . CODE;    PAGESTEERING  
PAGEOPTIONSWITCH . . . . . . . . . . . . . CODE;    PAGESTABILIZERMODE  
PAGEOPTIONWINGTYPE . . . . . . . . . . . . CODE;    PAGESTABILIZER  
PAGESTABLIZERBINDTICKCNT . . . . . . . . . DATA;    PAGESTABILIZERBUILD  
PAGESTABLIZERBINDTICKOVERFLOW. . . . . . . DATA;    PAGESTABILIZERBUILD  
PAGESTACK. . . . . . . . . . . . . . . . . DATA;    PAGE  MAIN  
PAGESTACKIDX . . . . . . . . . . . . . . . DATA;    PAGE  MAIN  
PARAMESCDATPROCCESS. . . . . . . . . . . . CODE;    PAGEESC  
PBCFG_0_ENTER_DEFAULTMODE_FROM_RESET . . . CODE;    INITDEVICE  
PCACH_0_ENTER_DEFAULTMODE_FROM_RESET . . . CODE;    INITDEVICE  
PCACH_4_ENTER_DEFAULTMODE_FROM_RESET . . . CODE;    INITDEVICE  
PCA_0_ENTER_DEFAULTMODE_FROM_RESET . . . . CODE;    INITDEVICE  
PGMSTATUS. . . . . . . . . . . . . . . . . XDATA;   ESC  PAGEESC  
PORTS_0_ENTER_DEFAULTMODE_FROM_RESET . . . CODE;    INITDEVICE  
PORTS_1_ENTER_DEFAULTMODE_FROM_RESET . . . CODE;    INITDEVICE  
PORTS_2_ENTER_DEFAULTMODE_FROM_RESET . . . CODE;    INITDEVICE  
PWMONREF . . . . . . . . . . . . . . . . . DATA;    ESC  
PWMOUTCNT. . . . . . . . . . . . . . . . . DATA;    ESC  
PWMOUTNUM. . . . . . . . . . . . . . . . . DATA;    ESC  
RXDATAENABLE . . . . . . . . . . . . . . . XDATA;   ESC  
RXDATHANDLE. . . . . . . . . . . . . . . . XDATA;   STABLIZER  
RXPACKAGECNT . . . . . . . . . . . . . . . XDATA;   STABLIZER  
RXPACKAGEDATA. . . . . . . . . . . . . . . XDATA;   STABLIZER  
RXPACKAGELENGTH. . . . . . . . . . . . . . XDATA;   STABLIZER  
RXSOCKETDAT. . . . . . . . . . . . . . . . XDATA;   STABLIZER  
RXSOCKETDECODE . . . . . . . . . . . . . . CODE;    STABLIZER  
RXSOCKETHANDLER. . . . . . . . . . . . . . CODE;    STABLIZER  
RXSTATUSIDX. . . . . . . . . . . . . . . . XDATA;   STABLIZER  
RXTXSTATUE . . . . . . . . . . . . . . . . XDATA;   STABLIZER  
SHOWTEXT1THACTIVEFW. . . . . . . . . . . . XDATA;   PAGEESC1TH  
SHOWTEXT1THAIRBECVOLTAGE . . . . . . . . . XDATA;   PAGEESC1TH  
SHOWTEXT1THAIRCUTVOLTAGE . . . . . . . . . XDATA;   PAGEESC1TH  
SHOWTEXT1THAIRLIPOCELLS. . . . . . . . . . XDATA;   PAGEESC1TH  
SHOWTEXT1THARRESTARTTIME . . . . . . . . . XDATA;   PAGEESC1TH  
SHOWTEXT1THARTIME. . . . . . . . . . . . . XDATA;   PAGEESC1TH  
SHOWTEXT1THBRAKEFORCE. . . . . . . . . . . XDATA;   PAGEESC1TH  
SHOWTEXT1THBRAKETYPE . . . . . . . . . . . XDATA;   PAGEESC1TH  
SHOWTEXT1THCUTTYPE . . . . . . . . . . . . XDATA;   PAGEESC1TH  
SHOWTEXT1THFLIGHTMODE. . . . . . . . . . . XDATA;   PAGEESC1TH  
SHOWTEXT1THGOVPARAMI . . . . . . . . . . . XDATA;   PAGEESC1TH  
SHOWTEXT1THGOVPARAMP . . . . . . . . . . . XDATA;   PAGEESC1TH  
SHOWTEXT1THROTATEDIRECTION . . . . . . . . XDATA;   PAGEESC1TH  
SHOWTEXT1THSTARTUPTIME . . . . . . . . . . XDATA;   PAGEESC1TH  
BL51 BANKED LINKER/LOCATER V6.22                                                      09/10/2018  09:41:02  PAGE 75


SHOWTEXT1THTIMING. . . . . . . . . . . . . XDATA;   PAGEESC1TH  
SHOWTEXT2THBECVOLTAGE. . . . . . . . . . . XDATA;   PAGEESC2TH  
SHOWTEXT2THCUTVOLTAGE. . . . . . . . . . . XDATA;   PAGEESC2TH  
SHOWTEXT2THDRAGBRAKE . . . . . . . . . . . XDATA;   PAGEESC2TH  
SHOWTEXT2THESCTHERMAL. . . . . . . . . . . XDATA;   PAGEESC2TH  
SHOWTEXT2THLIPOCELLS . . . . . . . . . . . XDATA;   PAGEESC2TH  
SHOWTEXT2THMAXBRAKE. . . . . . . . . . . . XDATA;   PAGEESC2TH  
SHOWTEXT2THMAXREVERSE. . . . . . . . . . . XDATA;   PAGEESC2TH  
SHOWTEXT2THPUNCH . . . . . . . . . . . . . XDATA;   PAGEESC2TH  
SHOWTEXT2THRUNMODE . . . . . . . . . . . . XDATA;   PAGEESC2TH  
SHOWTEXT3THBATTERYTYPE . . . . . . . . . . XDATA;   PAGEESC3TH  
SHOWTEXT3THBRAKE . . . . . . . . . . . . . XDATA;   PAGEESC3TH  
SHOWTEXT3THCUTOFFTYPE. . . . . . . . . . . XDATA;   PAGEESC3TH  
SHOWTEXT3THCUTOFFVOLTAGE . . . . . . . . . XDATA;   PAGEESC3TH  
SHOWTEXT3THFIRMWARE. . . . . . . . . . . . XDATA;   PAGEESC  
SHOWTEXT3THHARDWARE. . . . . . . . . . . . XDATA;   PAGEESC  
SHOWTEXT3THSOFTWARE. . . . . . . . . . . . XDATA;   PAGEESC  
SHOWTEXT3THSTARTMODE . . . . . . . . . . . XDATA;   PAGEESC3TH  
SHOWTEXT3THTIMINGMODE. . . . . . . . . . . XDATA;   PAGEESC3TH  
SHOWTEXTMAXCURR. . . . . . . . . . . . . . XDATA;   PAGEESC  
SHOWTEXTMAXTEMP. . . . . . . . . . . . . . XDATA;   PAGEESC  
SHOWTEXTMINVOLT. . . . . . . . . . . . . . XDATA;   PAGEESC  
STABILIZERPARAM. . . . . . . . . . . . . . XDATA;   STABLIZER  PAGESTABILIZER  PAGESTABILIZERBUILD  PAGESTABILIZERMODE  
                                                    PAGESTABILIZERPITCHGAIN  PAGESTABILIZERROLLGAIN  PAGESTABILIZERYAWGA
                                                    IN  
STABLIZERDATINIT . . . . . . . . . . . . . CODE;    STABLIZER  MAIN  
STABLIZERDETECT. . . . . . . . . . . . . . CODE;    STABLIZER  MAIN  
STABLIZERPROCESSHANDLE . . . . . . . . . . CODE;    STABLIZER  MAIN  
STABLIZERTICKCNT . . . . . . . . . . . . . DATA;    STABLIZER  
STABLIZERTICKOVERFLOW. . . . . . . . . . . DATA;    STABLIZER  
STERRINGDATINIT. . . . . . . . . . . . . . CODE;    STERRING  
STERRINGDETECT . . . . . . . . . . . . . . CODE;    STERRING  
STERRINGMS . . . . . . . . . . . . . . . . XDATA;   PAGESTEERING  PAGE  STERRING  
STERRINGPARAM. . . . . . . . . . . . . . . XDATA;   STERRING  PAGESTEERING  
STERRINGPROCESSHANDLE. . . . . . . . . . . CODE;    STERRING  
STERRINGPWMCNT . . . . . . . . . . . . . . DATA;    STERRING  
STERRINGPWMPERIOD. . . . . . . . . . . . . DATA;    STERRING  
STERRINGPWMPULSE . . . . . . . . . . . . . DATA;    STERRING  
STERRINGSTEPSTATE. . . . . . . . . . . . . DATA;    STERRING  
STERRINGTICKTIME . . . . . . . . . . . . . DATA;    STERRING  
SUM. . . . . . . . . . . . . . . . . . . . XDATA;   STABLIZER  
SUMPRE . . . . . . . . . . . . . . . . . . XDATA;   STABLIZER  
SYSDATINIT . . . . . . . . . . . . . . . . CODE;    GLOBAL  MAIN  
SYSMODULEENABLE. . . . . . . . . . . . . . XDATA;   GLOBAL  ESC  LIPOCELLS  MAIN  STABLIZER  STERRING  
SYSTASKHANDLE. . . . . . . . . . . . . . . XDATA;   GLOBAL  MAIN  
TICKCNT1MS . . . . . . . . . . . . . . . . DATA;    GLOBAL  INPUTBTN  PAGESTABILIZERBUILD  STABLIZER  
TIMER01_0_ENTER_DEFAULTMODE_FROM_RESET . . CODE;    INITDEVICE  
TIMER0_ISR . . . . . . . . . . . . . . . . CODE;    ESC  
TIMER16_2_ENTER_DEFAULTMODE_FROM_RESET . . CODE;    INITDEVICE  
TIMER16_3_ENTER_DEFAULTMODE_FROM_RESET . . CODE;    INITDEVICE  
TIMER1_ISR . . . . . . . . . . . . . . . . CODE;    GLOBAL  
TIMER2_ISR . . . . . . . . . . . . . . . . CODE;    ESC  
TIMER3_ISR . . . . . . . . . . . . . . . . CODE;    STERRING  
TIMER_SETUP_0_ENTER_DEFAULTMODE_FROM_... CODE;    INITDEVICE  
TXINITPULSE. . . . . . . . . . . . . . . . XDATA;   ESC  
TXNEXTDELAYCNT . . . . . . . . . . . . . . XDATA;   ESC  
TXSOCKETDAT. . . . . . . . . . . . . . . . XDATA;   STABLIZER  
BL51 BANKED LINKER/LOCATER V6.22                                                      09/10/2018  09:41:02  PAGE 76


TXSYS. . . . . . . . . . . . . . . . . . . XDATA;   GLOBAL  PAGELIPOCELLS  
UART1_ISR. . . . . . . . . . . . . . . . . CODE;    STABLIZER  
UART1_READ_ENCODE. . . . . . . . . . . . . CODE;    STABLIZER  
UART1_WRITE_ENCODE . . . . . . . . . . . . CODE;    STABLIZER  
UARTE_1_ENTER_DEFAULTMODE_FROM_RESET . . . CODE;    INITDEVICE  
_ABS . . . . . . . . . . . . . . . . . . . CODE;    ABS  LCDDRAW  
_BTNCLEARDOWN. . . . . . . . . . . . . . . CODE;    INPUTBTN  
_BTNGETSTATE . . . . . . . . . . . . . . . CODE;    INPUTBTNBSP  INPUTBTN  
_BTNTSTDOWN. . . . . . . . . . . . . . . . CODE;    INPUTBTN  PAGE  PAGEESC  PAGEESC1TH  PAGEESC2TH  PAGEESC3TH  PAGELIP
                                                    OCELLS  PAGESTABILIZER  PAGESTABILIZERBUILD  PAGESTABILIZERMODE  PAG
                                                    ESTABILIZERPITCHGAIN  PAGESTABILIZERROLLGAIN  PAGESTABILIZERYAWGAIN 
                                                     PAGESTEERING  
_BTNTSTHOLD. . . . . . . . . . . . . . . . CODE;    INPUTBTN  
_BTNTSTSTAT. . . . . . . . . . . . . . . . CODE;    INPUTBTN  
_DELAYMS . . . . . . . . . . . . . . . . . CODE;    GLOBAL  ESC  
_DETECTCHARGEPARAMETER . . . . . . . . . . CODE;    STABLIZER  PAGESTABILIZER  PAGESTABILIZERBUILD  PAGESTABILIZERMODE  
                                                    PAGESTABILIZERPITCHGAIN  PAGESTABILIZERROLLGAIN  PAGESTABILIZERYAWGA
                                                    IN  
_ESCDATCHARGE. . . . . . . . . . . . . . . CODE;    ESC  PAGEESC  PAGEESC1TH  PAGEESC2TH  PAGEESC3TH  
_LCDDRAWASCCHAR. . . . . . . . . . . . . . CODE;    LCDDRAW  
_LCDDRAWBMPTOARRAY . . . . . . . . . . . . CODE;    LCDDRAW  
_LCDDRAWCHSCHAR. . . . . . . . . . . . . . CODE;    LCDDRAW  
_LCDDRAWCLR. . . . . . . . . . . . . . . . CODE;    LCDDRAW  MAIN  PAGEESC  PAGEESC1TH  PAGEESC2TH  PAGEESC3TH  PAGELIPO
                                                    CELLS  PAGESTABILIZER  PAGESTABILIZERBUILD  PAGESTABILIZERMODE  PAGE
                                                    STABILIZERPITCHGAIN  PAGESTABILIZERROLLGAIN  PAGESTABILIZERYAWGAIN  
                                                    PAGESTEERING  
_LCDDRAWGECHAR . . . . . . . . . . . . . . CODE;    LCDDRAW  
_LCDDRAWHLINE. . . . . . . . . . . . . . . CODE;    LCDDRAW  PAGE  PAGELIPOCELLS  PAGESTABILIZERBUILD  
_LCDDRAWINT. . . . . . . . . . . . . . . . CODE;    LCDDRAW  PAGE  PAGELIPOCELLS  
_LCDDRAWLINE . . . . . . . . . . . . . . . CODE;    LCDDRAW  
_LCDDRAWMINIASC. . . . . . . . . . . . . . CODE;    LCDDRAW  
_LCDDRAWMINIBMP. . . . . . . . . . . . . . CODE;    LCDDRAW  PAGE  
_LCDDRAWMINIINT. . . . . . . . . . . . . . CODE;    LCDDRAW  PAGE  
_LCDDRAWPIXELXY. . . . . . . . . . . . . . CODE;    LCDDRAW  
_LCDDRAWRECT . . . . . . . . . . . . . . . CODE;    LCDDRAW  PAGE  PAGELIPOCELLS  PAGESTABILIZERBUILD  
_LCDDRAWTEXTSTRING . . . . . . . . . . . . CODE;    LCDDRAW  MAIN  PAGE  PAGEESC  PAGELIPOCELLS  PAGESTABILIZERBUILD  
_LCDDRAWVLINE. . . . . . . . . . . . . . . CODE;    LCDDRAW  
_LCDWRITEASCCHAR . . . . . . . . . . . . . CODE;    LCDBSAE  
_LCDWRITEASCSTRING . . . . . . . . . . . . CODE;    LCDBSAE  
_LCDWRITECLR . . . . . . . . . . . . . . . CODE;    LCDBSAE  
_LCDWRITECLRLINE . . . . . . . . . . . . . CODE;    LCDBSAE  
_LCDWRITEDATLINE . . . . . . . . . . . . . CODE;    LCDBSAE  
_LCD_SETCOLUMN . . . . . . . . . . . . . . CODE;    LCDBSAE  
_LCD_SETPAGE . . . . . . . . . . . . . . . CODE;    LCDBSAE  
_LCD_SETPAGECOLUMN . . . . . . . . . . . . CODE;    LCDBSAE  
_PAGEAUTOFLY . . . . . . . . . . . . . . . CODE;    PAGESTABILIZER  MAIN  
_PAGEAUTOFLYMODE . . . . . . . . . . . . . CODE;    PAGESTABILIZERMODE  PAGESTABILIZER  
_PAGEAUTOFLYPITCHGAIN. . . . . . . . . . . CODE;    PAGESTABILIZERPITCHGAIN  PAGESTABILIZER  
_PAGEAUTOFLYROLLGAIN . . . . . . . . . . . CODE;    PAGESTABILIZERROLLGAIN  PAGESTABILIZER  
_PAGEAUTOFLYYAWGAIN. . . . . . . . . . . . CODE;    PAGESTABILIZERYAWGAIN  PAGESTABILIZER  
_PAGEBATVOLT . . . . . . . . . . . . . . . CODE;    PAGELIPOCELLS  MAIN  
_PAGEENTER . . . . . . . . . . . . . . . . CODE;    PAGE  PAGEESC1TH  PAGEESC2TH  PAGEESC3TH  PAGESTABILIZER  PAGESTABIL
                                                    IZERMODE  PAGESTABILIZERPITCHGAIN  PAGESTABILIZERROLLGAIN  PAGESTABI
                                                    LIZERYAWGAIN  PAGESTEERING  
_PAGEESC1TH. . . . . . . . . . . . . . . . CODE;    PAGEESC1TH  MAIN  
_PAGEESC1THRST . . . . . . . . . . . . . . CODE;    PAGEESC  PAGEESC1TH  
_PAGEESC2TH. . . . . . . . . . . . . . . . CODE;    PAGEESC2TH  MAIN  
BL51 BANKED LINKER/LOCATER V6.22                                                      09/10/2018  09:41:02  PAGE 77


_PAGEESC2THRST . . . . . . . . . . . . . . CODE;    PAGEESC  PAGEESC2TH  
_PAGEESC3TH. . . . . . . . . . . . . . . . CODE;    PAGEESC3TH  MAIN  
_PAGEESC3THABOUT . . . . . . . . . . . . . CODE;    PAGEESC  PAGEESC1TH  PAGEESC2TH  PAGEESC3TH  
_PAGEESC3THRST . . . . . . . . . . . . . . CODE;    PAGEESC  PAGEESC3TH  
_PAGEESCPARAM. . . . . . . . . . . . . . . CODE;    PAGEESC  PAGEESC1TH  PAGEESC2TH  
_PAGEGOTO. . . . . . . . . . . . . . . . . CODE;    PAGE  
_PAGEINIT. . . . . . . . . . . . . . . . . CODE;    PAGE  MAIN  
_PAGEMENUPROC. . . . . . . . . . . . . . . CODE;    PAGE  PAGEESC  PAGEESC1TH  PAGEESC2TH  PAGEESC3TH  PAGESTABILIZER  P
                                                    AGESTABILIZERMODE  PAGESTABILIZERPITCHGAIN  PAGESTABILIZERROLLGAIN  
                                                    PAGESTABILIZERYAWGAIN  PAGESTEERING  
_PAGERETURN. . . . . . . . . . . . . . . . CODE;    PAGE  PAGEESC  PAGEESC1TH  PAGEESC2TH  PAGEESC3TH  PAGELIPOCELLS  PA
                                                    GESTABILIZER  PAGESTABILIZERBUILD  PAGESTABILIZERMODE  PAGESTABILIZE
                                                    RPITCHGAIN  PAGESTABILIZERROLLGAIN  PAGESTABILIZERYAWGAIN  PAGESTEER
                                                    ING  
_PAGESTABLIZERBUILD. . . . . . . . . . . . CODE;    PAGESTABILIZERBUILD  PAGESTABILIZER  
_PAGESTERRING. . . . . . . . . . . . . . . CODE;    PAGESTEERING  MAIN  
_PRINTF. . . . . . . . . . . . . . . . . . CODE;    PRINTF  
_PUTCHAR . . . . . . . . . . . . . . . . . CODE;    PUTCHAR  PRINTF  
_SPRINTF . . . . . . . . . . . . . . . . . CODE;    PRINTF  PAGEESC  PAGEESC1TH  PAGEESC2TH  PAGEESC3TH  
_STRLEN. . . . . . . . . . . . . . . . . . CODE;    STRLEN  PAGE  
_SYSHANDLEPROCESS. . . . . . . . . . . . . CODE;    MAIN  
_UART1_WRITE_BUFFER. . . . . . . . . . . . CODE;    STABLIZER  

Program Size: data=68.2 xdata=2583 code=38780
LINK/LOCATE RUN COMPLETE.  0 WARNING(S),  0 ERROR(S)
