C51 COMPILER V9.56.0.0   PAGEELESPEED                                                      10/31/2016 09:56:42 PAGE 1   


C51 COMPILER V9.56.0.0, COMPILATION OF MODULE PAGEELESPEED
OBJECT MODULE PLACED IN .\Objects\PageEleSpeed.obj
COMPILER INVOKED BY: D:\MyProKits\MucKits\Keil_C51_Rev956\C51\BIN\C51.EXE ..\..\SrcCode\Middle\Gui\Page\PageEleSpeed.c L
                    -ARGE OMF2 OPTIMIZE(0,SPEED) BROWSE INCDIR(..\..\SrcCode\Bsp\Inc;..\..\SrcCode\Logic\Inc;..\..\SrcCode\Middle\Gui\Inc;..\
                    -..\SrcCode\Middle\Input\Inc;..\..\SdkTool\Si8051Base;..\..\SdkTool\EFM8UB2\Inc;..\..\SdkTool\EFM8UB2\Perip\Inc;..\..\Sdk
                    -Tool\EFM8UB2\Xpress\Inc) DEBUG CODE LISTINCLUDE SYMBOLS PRINT(.\Listings\PageEleSpeed.lst) TABS(2) PREPRINT(.\Listings\P
                    -ageEleSpeed.i) OBJECT(.\Objects\PageEleSpeed.obj)

line level    source

*** ERROR C318 OF ..\..\SrcCode\Middle\Gui\Page\PageEleSpeed.c: can't open file '..\..\SrcCode\Middle\Gui\Page\PageEleSp
             -eed.c'

C51 COMPILATION COMPLETE.  0 WARNING(S),  1 ERROR(S)
